Microchip MPLAB XC8 Compiler V1.33 ()

Linker command line:

--edf=/opt/microchip/xc8/v1.33/dat/en_msgs.txt -cs \
  -h+dist/XC8_18F27j53/production/pic18_3_phase_pwm.X.production.sym \
  --cmf=dist/XC8_18F27j53/production/pic18_3_phase_pwm.X.production.cmf -z \
  -Q18F27J53 -o/tmp/cgtkP4hxk \
  -Mdist/XC8_18F27j53/production/pic18_3_phase_pwm.X.production.map -E1 \
  -ver=XC8 -ASTACK=0E0h-09ffh -pstack=STACK -ACODE=00h-01FFF7h \
  -ACONST=00h-01FFF7h -ASMALLCONST=0F00h-0FFFhx496,01FF00h-01FFF7h \
  -AMEDIUMCONST=0F00h-0FFFFh,010F00h-01FFF7h -ACOMRAM=01h-05Fh \
  -AABS1=00h-0EAFh -ABIGRAM=01h-0EAFh \
  -ARAM=060h-0FFh,0100h-01FFhx13,0E00h-0EAFh -ABANK0=060h-0FFh \
  -ABANK1=0100h-01FFh -ABANK2=0200h-02FFh -ABANK3=0300h-03FFh \
  -ABANK4=0400h-04FFh -ABANK5=0500h-05FFh -ABANK6=0600h-06FFh \
  -ABANK7=0700h-07FFh -ABANK8=0800h-08FFh -ABANK9=0900h-09FFh \
  -ABANK10=0A00h-0AFFh -ABANK11=0B00h-0BFFh -ABANK12=0C00h-0CFFh \
  -ABANK13=0D00h-0DFFh -ABANK14=0E00h-0EAFh \
  -ASFR=0EB0h-0EFFh,0F00h-0F5Fh,0F60h-0FFFh \
  -preset_vec=00h,intcode=08h,intcodelo=018h,powerup,init,end_init \
  -pramtop=0F00h -psmallconst=SMALLCONST -pmediumconst=MEDIUMCONST \
  -pconst=CONST -AFARRAM=00h-00h -ACONFIG=01FFF8h-01FFFFh -pconfig=CONFIG \
  -pjflash_buffer=01F800h \
  -prdata=COMRAM,nvrram=COMRAM,nvbit=COMRAM,rbss=COMRAM,rbit=COMRAM \
  -pfarbss=FARRAM,fardata=FARRAM,nvFARRAM=FARRAM \
  -pintsave_regs=BIGRAM,bigbss=BIGRAM,bigdata=BIGRAM -pbss=RAM \
  -pidata=CODE,irdata=CODE,ibigdata=CODE,ifardata=CODE /tmp/cgtd7yya2.obj \
  dist/XC8_18F27j53/production/pic18_3_phase_pwm.X.production.obj 

Object code version is 3.11

Machine type is 18F27J53

Call graph: (short form)




                Name                               Link     Load   Length Selector   Space Scale
/tmp/cgtd7yya2.obj
                end_init                             A2       A2        4        C       0
                reset_vec                             0        0        4        0       0
                config                            1FFF8    1FFF8        8    1FFF8       0
dist/XC8_18F27j53/production/pic18_3_phase_pwm.X.production.obj
                intcodelo                            18       18       8A        C       0
                intcode                               8        8       10        4       0
                intcode_body                        36E      36E       66        C       0
                text9                               4EE      4EE        E        C       0
                text8                               450      450       34        C       0
                text7                               41C      41C       34        C       0
                text6                               3D4      3D4       48        C       0
                text5                               4D6      4D6       18        C       0
                text4                               308      308       66        C       0
                text3                               1F4      1F4       94        C       0
                text2                               150      150       A4        C       0
                text1                                A6       A6       AA        C       0
                text0                               4B6      4B6       20        C       0
                cstackCOMRAM                          1        1       26        1       1
                dataBANK0                            60       60       80       60       1
                bssCOMRAM                            27       27        8        1       1
                cinit                               484      484       32        C       0
                nvCOMRAM                             2F       2F        2        1       1
                idataBANK0                          288      288       80        C       0

TOTAL           Name                               Link     Load   Length     Space
        CLASS   STACK          

        CLASS   CODE           
                end_init                             A2       A2        4         0
                intcodelo                            18       18       8A         0
                intcode                               8        8       10         0
                reset_vec                             0        0        4         0
                intcode_body                        36E      36E       66         0
                text9                               4EE      4EE        E         0
                text8                               450      450       34         0
                text7                               41C      41C       34         0
                text6                               3D4      3D4       48         0
                text5                               4D6      4D6       18         0
                text4                               308      308       66         0
                text3                               1F4      1F4       94         0
                text2                               150      150       A4         0
                text1                                A6       A6       AA         0
                text0                               4B6      4B6       20         0
                cinit                               484      484       32         0
                idataBANK0                          288      288       80         0

        CLASS   CONST          

        CLASS   SMALLCONST     

        CLASS   MEDIUMCONST    

        CLASS   COMRAM         
                cstackCOMRAM                          1        1       26         1
                bssCOMRAM                            27       27        8         1
                nvCOMRAM                             2F       2F        2         1

        CLASS   ABS1           

        CLASS   BIGRAM         

        CLASS   RAM            

        CLASS   BANK0          
                dataBANK0                            60       60       80         1

        CLASS   BANK1          

        CLASS   BANK2          

        CLASS   BANK3          

        CLASS   BANK4          

        CLASS   BANK5          

        CLASS   BANK6          

        CLASS   BANK7          

        CLASS   BANK8          

        CLASS   BANK9          

        CLASS   BANK10         

        CLASS   BANK11         

        CLASS   BANK12         

        CLASS   BANK13         

        CLASS   BANK14         

        CLASS   SFR            

        CLASS   FARRAM         

        CLASS   CONFIG         
                config                            1FFF8    1FFF8        8         0

        CLASS   IDLOC          



SEGMENTS        Name                           Load    Length   Top    Selector   Space  Class

                reset_vec                      000000  000004  000004         0       0  CODE    
                cstackCOMRAM                   000001  000030  000031         1       1  COMRAM  
                intcode                        000008  000010  000018         4       0  CODE    
                intcodelo                      000018  0004E4  0004FC         C       0  CODE    
                dataBANK0                      000060  000080  0000E0        60       1  BANK0   
                config                         01FFF8  000008  020000     1FFF8       0  CONFIG  


UNUSED ADDRESS RANGES

        Name                Unused          Largest block    Delta
        BANK0            000E0-000FF              20
        BANK1            00100-001FF             100
        BANK10           00A00-00AFF             100
        BANK11           00B00-00BFF             100
        BANK12           00C00-00CFF             100
        BANK13           00D00-00DFF             100
        BANK14           00E00-00EAF              B0
        BANK2            00200-002FF             100
        BANK3            00300-003FF             100
        BANK4            00400-004FF             100
        BANK5            00500-005FF             100
        BANK6            00600-006FF             100
        BANK7            00700-007FF             100
        BANK8            00800-008FF             100
        BANK9            00900-009FF             100
        BIGRAM           00031-0005F              2F
                         000E0-00EAF             DD0
        CODE             00004-00007               4
                         004FC-1FFF7           1FAFC
        COMRAM           00031-0005F              2F
        CONST            00004-00007               4
                         004FC-1FFF7           1FAFC
        MEDIUMCONST      00F00-0FFFF            F100
                         10F00-1FFF7            F0F8
        RAM              000E0-00EAF             100
        SFR              00EB0-00FFF              60
        SMALLCONST       00F00-1FFF7             100
        STACK            000E0-009FF             920

                                  Symbol Table

_CCP1CONbits                  (abs)         00FBA
_CCP2CONbits                  (abs)         00FB4
_CCP3CONbits                  (abs)         00F15
_CCPR1L                       (abs)         00FBB
_CCPR2L                       (abs)         00FB5
_CCPR3L                       (abs)         00F16
_CCPTMRS0bits                 (abs)         00F52
_ConfigureOscillator          text9         004EE
_Delta_Phase                  nvCOMRAM      0002F
_ECCP1DELbits                 (abs)         00FBD
_ECCP2DELbits                 (abs)         00FB7
_ECCP3DELbits                 (abs)         00F18
_EECON2                       (abs)         00FA7
_INTCONbits                   (abs)         00FF2
_InitMotorPWM                 text4         00308
_InitPWM1                     text8         00450
_InitPWM2                     text7         0041C
_InitPWM3                     text6         003D4
_InitTMR2                     text5         004D6
_Multiplier                   bssCOMRAM     00027
_OSCCONbits                   (abs)         00FD3
_PORTBbits                    (abs)         00F81
_PPSCONbits                   (abs)         00EBF
_PR2                          (abs)         00FCB
_Phase                        bssCOMRAM     00029
_Phase_Offset                 bssCOMRAM     0002B
_RPOR10                       (abs)         00ECA
_RPOR5                        (abs)         00EC5
_RPOR6                        (abs)         00EC6
_RPOR7                        (abs)         00EC7
_RPOR8                        (abs)         00EC8
_RPOR9                        (abs)         00EC9
_Result                       bssCOMRAM     0002D
_SineTable                    dataBANK0     00060
_T2CONbits                    (abs)         00FCA
_TMR2IF                       (abs)         07CF1
_TRISB                        (abs)         00F93
_UpdatePWM1                   text3         001F4
_UpdatePWM2                   text2         00150
_UpdatePWM3                   text1         000A6
__CFG_ADCSEL$BIT10            (abs)         00000
__CFG_CFGPLLEN$ON             (abs)         00000
__CFG_CLKOEC$ON               (abs)         00000
__CFG_CP0$OFF                 (abs)         00000
__CFG_CPUDIV$OSC1             (abs)         00000
__CFG_DSBOREN$ON              (abs)         00000
__CFG_DSWDTEN$ON              (abs)         00000
__CFG_DSWDTOSC$INTOSCREF      (abs)         00000
__CFG_DSWDTPS$G2              (abs)         00000
__CFG_FCMEN$ON                (abs)         00000
__CFG_IESO$ON                 (abs)         00000
__CFG_IOL1WAY$ON              (abs)         00000
__CFG_LS48MHZ$SYS48X8         (abs)         00000
__CFG_MSSP7B_EN$MSK7          (abs)         00000
__CFG_OSC$INTOSCPLLO          (abs)         00000
__CFG_PLLDIV$2                (abs)         00000
__CFG_RTCOSC$T1OSCREF         (abs)         00000
__CFG_SOSCSEL$HIGH            (abs)         00000
__CFG_STVREN$ON               (abs)         00000
__CFG_WDTEN$ON                (abs)         00000
__CFG_WDTPS$32768             (abs)         00000
__CFG_WPCFG$OFF               (abs)         00000
__CFG_WPDIS$OFF               (abs)         00000
__CFG_WPEND$PAGE_WPFP         (abs)         00000
__CFG_WPFP$PAGE_127           (abs)         00000
__CFG_XINST$OFF               (abs)         00000
__HRAM                        (abs)         00000
__Habs1                       abs1          00000
__Hbank0                      bank0         00000
__Hbank1                      bank1         00000
__Hbank10                     bank10        00000
__Hbank11                     bank11        00000
__Hbank12                     bank12        00000
__Hbank13                     bank13        00000
__Hbank14                     bank14        00000
__Hbank2                      bank2         00000
__Hbank3                      bank3         00000
__Hbank4                      bank4         00000
__Hbank5                      bank5         00000
__Hbank6                      bank6         00000
__Hbank7                      bank7         00000
__Hbank8                      bank8         00000
__Hbank9                      bank9         00000
__Hbigbss                     bigbss        00000
__Hbigdata                    bigdata       00000
__Hbigram                     bigram        00000
__Hbss                        bss           00000
__HbssCOMRAM                  bssCOMRAM     00000
__Hcinit                      cinit         00000
__Hclrtext                    clrtext       00000
__Hcomram                     comram        00000
__Hconfig                     config        20000
__Hconst                      const         00000
__HcstackCOMRAM               cstackCOMRAM  00000
__Hdata                       data          00000
__HdataBANK0                  dataBANK0     00000
__Hend_init                   end_init      000A6
__Hfarbss                     farbss        00000
__Hfardata                    fardata       00000
__Hibigdata                   ibigdata      00000
__Hidata                      idata         00000
__HidataBANK0                 idataBANK0    00000
__Hidloc                      idloc         00000
__Hifardata                   ifardata      00000
__Hinit                       init          000A2
__Hintcode                    intcode       00018
__Hintcode_body               intcode_body  00000
__Hintcodelo                  intcodelo     000A2
__Hintentry                   intentry      00000
__Hintret                     intret        00000
__Hintsave_regs               intsave_regs  00000
__Hirdata                     irdata        00000
__Hjflash_buffer              jflash_buffer 1F800
__Hmediumconst                mediumconst   00000
__HnvCOMRAM                   nvCOMRAM      00000
__HnvFARRAM                   nvFARRAM      00000
__Hnvbit                      nvbit         00000
__Hnvrram                     nvrram        00000
__Hparam                      rparam        00000
__Hpowerup                    powerup       000A2
__Hram                        ram           00000
__Hramtop                     ramtop        00F00
__Hrbit                       rbit          00000
__Hrbss                       rbss          00000
__Hrdata                      rdata         00000
__Hreset_vec                  reset_vec     00004
__Hrparam                     rparam        00000
__Hsfr                        sfr           00000
__Hsmallconst                 smallconst    00000
__Hspace_0                    (abs)         20000
__Hspace_1                    (abs)         000E0
__Hspace_2                    (abs)         00000
__Hstack                      stack         00000
__Hstruct                     struct        00000
__Htemp                       temp          00000
__Htext                       text          00000
__Htext0                      text0         00000
__Htext1                      text1         00000
__Htext2                      text2         00000
__Htext3                      text3         00000
__Htext4                      text4         00000
__Htext5                      text5         00000
__Htext6                      text6         00000
__Htext7                      text7         00000
__Htext8                      text8         00000
__Htext9                      text9         00000
__LRAM                        (abs)         00001
__Labs1                       abs1          00000
__Lbank0                      bank0         00000
__Lbank1                      bank1         00000
__Lbank10                     bank10        00000
__Lbank11                     bank11        00000
__Lbank12                     bank12        00000
__Lbank13                     bank13        00000
__Lbank14                     bank14        00000
__Lbank2                      bank2         00000
__Lbank3                      bank3         00000
__Lbank4                      bank4         00000
__Lbank5                      bank5         00000
__Lbank6                      bank6         00000
__Lbank7                      bank7         00000
__Lbank8                      bank8         00000
__Lbank9                      bank9         00000
__Lbigbss                     bigbss        00000
__Lbigdata                    bigdata       00000
__Lbigram                     bigram        00000
__Lbss                        bss           00000
__LbssCOMRAM                  bssCOMRAM     00000
__Lcinit                      cinit         00000
__Lclrtext                    clrtext       00000
__Lcomram                     comram        00000
__Lconfig                     config        1FFF8
__Lconst                      const         00000
__LcstackCOMRAM               cstackCOMRAM  00000
__Ldata                       data          00000
__LdataBANK0                  dataBANK0     00000
__Lend_init                   end_init      000A2
__Lfarbss                     farbss        00000
__Lfardata                    fardata       00000
__Libigdata                   ibigdata      00000
__Lidata                      idata         00000
__LidataBANK0                 idataBANK0    00000
__Lidloc                      idloc         00000
__Lifardata                   ifardata      00000
__Linit                       init          000A2
__Lintcode                    intcode       00008
__Lintcode_body               intcode_body  00000
__Lintcodelo                  intcodelo     00018
__Lintentry                   intentry      00000
__Lintret                     intret        00000
__Lintsave_regs               intsave_regs  00000
__Lirdata                     irdata        00000
__Ljflash_buffer              jflash_buffer 1F800
__Lmediumconst                mediumconst   00000
__LnvCOMRAM                   nvCOMRAM      00000
__LnvFARRAM                   nvFARRAM      00000
__Lnvbit                      nvbit         00000
__Lnvrram                     nvrram        00000
__Lparam                      rparam        00000
__Lpowerup                    powerup       000A2
__Lram                        ram           00000
__Lramtop                     ramtop        00F00
__Lrbit                       rbit          00000
__Lrbss                       rbss          00000
__Lrdata                      rdata         00000
__Lreset_vec                  reset_vec     00000
__Lrparam                     rparam        00000
__Lsfr                        sfr           00000
__Lsmallconst                 smallconst    00000
__Lspace_0                    (abs)         00000
__Lspace_1                    (abs)         00000
__Lspace_2                    (abs)         00000
__Lstack                      stack         00000
__Lstruct                     struct        00000
__Ltemp                       temp          00000
__Ltext                       text          00000
__Ltext0                      text0         00000
__Ltext1                      text1         00000
__Ltext2                      text2         00000
__Ltext3                      text3         00000
__Ltext4                      text4         00000
__Ltext5                      text5         00000
__Ltext6                      text6         00000
__Ltext7                      text7         00000
__Ltext8                      text8         00000
__Ltext9                      text9         00000
__S0                          (abs)         20000
__S1                          (abs)         000E0
__S2                          (abs)         00000
___inthi_sp                   stack         00000
___intlo_sp                   stack         00000
___sp                         stack         00000
__accesstop                   (abs)         00060
__activetblptr                (abs)         00000
__end_of_ConfigureOscillator  text9         004FC
__end_of_InitMotorPWM         text4         0036E
__end_of_InitPWM1             text8         00484
__end_of_InitPWM2             text7         00450
__end_of_InitPWM3             text6         0041C
__end_of_InitTMR2             text5         004EE
__end_of_UpdatePWM1           text3         00288
__end_of_UpdatePWM2           text2         001F4
__end_of_UpdatePWM3           text1         00150
__end_of__initialization      cinit         004B0
__end_of_high_isr             intcode_body  003D4
__end_of_low_isr              intcodelo     000A2
__end_of_main                 text0         004D6
__initialization              cinit         00484
__mediumconst                 mediumconst   00000
__pbssCOMRAM                  bssCOMRAM     00027
__pcinit                      cinit         00484
__pcstackCOMRAM               cstackCOMRAM  00001
__pdataBANK0                  dataBANK0     00060
__pidataBANK0                 idataBANK0    00288
__pintcode                    intcode       00008
__pintcode_body               intcode_body  0036E
__pintcodelo                  intcodelo     00018
__pnvCOMRAM                   nvCOMRAM      0002F
__ptext0                      text0         004B6
__ptext1                      text1         000A6
__ptext2                      text2         00150
__ptext3                      text3         001F4
__ptext4                      text4         00308
__ptext5                      text5         004D6
__ptext6                      text6         003D4
__ptext7                      text7         0041C
__ptext8                      text8         00450
__ptext9                      text9         004EE
__ramtop                      ramtop        00F00
__size_of_ConfigureOscillator (abs)         00000
__size_of_InitMotorPWM        (abs)         00000
__size_of_InitPWM1            (abs)         00000
__size_of_InitPWM2            (abs)         00000
__size_of_InitPWM3            (abs)         00000
__size_of_InitTMR2            (abs)         00000
__size_of_UpdatePWM1          (abs)         00000
__size_of_UpdatePWM2          (abs)         00000
__size_of_UpdatePWM3          (abs)         00000
__size_of_high_isr            (abs)         00000
__size_of_low_isr             (abs)         00000
__size_of_main                (abs)         00000
__smallconst                  smallconst    00000
_high_isr                     intcode       00008
_low_isr                      intcodelo     00018
_main                         text0         004B6
end_of_initialization         cinit         004B0
int_func                      intcode_body  0036E
intlevel0                     text          00000
intlevel1                     text          00000
intlevel2                     text          00000
intlevel3                     text          00000
stackhi                       (abs)         009FF
stacklo                       (abs)         000E0
start                         init          000A2
start_initialization          cinit         00484


FUNCTION INFORMATION:

 *************** function _main *****************
 Defined at:
		line 34 in file "main.c"
 Parameters:    Size  Location     Type
		None
 Auto vars:     Size  Location     Type
		None
 Return value:  Size  Location     Type
		None               void
 Registers used:
		wreg, fsr2l, fsr2h, status,2, status,0, cstack
 Tracked objects:
		On entry : 
		On exit  : 
		Unchanged: 
 Data sizes:     COMRAM   BANK0   BANK1   BANK2   BANK3   BANK4   BANK5   BANK6   BANK7   BANK8   BANK9  BANK10  BANK11  BANK12  BANK13  BANK14
      Params:         0       0       0       0       0       0       0       0       0       0       0       0       0       0       0       0
      Locals:         0       0       0       0       0       0       0       0       0       0       0       0       0       0       0       0
      Temps:          0       0       0       0       0       0       0       0       0       0       0       0       0       0       0       0
      Totals:         0       0       0       0       0       0       0       0       0       0       0       0       0       0       0       0
Total ram usage:        0 bytes
 Hardware stack levels required when called:    4
 This function calls:
		_ConfigureOscillator
		_InitMotorPWM
		_UpdatePWM1
		_UpdatePWM2
		_UpdatePWM3
 This function is called by:
		Startup code after reset
 This function uses a non-reentrant model


 *************** function _UpdatePWM3 *****************
 Defined at:
		line 173 in file "pwm.c"
 Parameters:    Size  Location     Type
		None
 Auto vars:     Size  Location     Type
		None
 Return value:  Size  Location     Type
		None               void
 Registers used:
		wreg, fsr2l, fsr2h, status,2, status,0
 Tracked objects:
		On entry : 
		On exit  : 
		Unchanged: 
 Data sizes:     COMRAM   BANK0   BANK1   BANK2   BANK3   BANK4   BANK5   BANK6   BANK7   BANK8   BANK9  BANK10  BANK11  BANK12  BANK13  BANK14
      Params:         0       0       0       0       0       0       0       0       0       0       0       0       0       0       0       0
      Locals:         0       0       0       0       0       0       0       0       0       0       0       0       0       0       0       0
      Temps:          7       0       0       0       0       0       0       0       0       0       0       0       0       0       0       0
      Totals:         7       0       0       0       0       0       0       0       0       0       0       0       0       0       0       0
Total ram usage:        7 bytes
 Hardware stack levels used:    1
 Hardware stack levels required when called:    2
 This function calls:
		Nothing
 This function is called by:
		_main
 This function uses a non-reentrant model


 *************** function _UpdatePWM2 *****************
 Defined at:
		line 161 in file "pwm.c"
 Parameters:    Size  Location     Type
		None
 Auto vars:     Size  Location     Type
		None
 Return value:  Size  Location     Type
		None               void
 Registers used:
		wreg, fsr2l, fsr2h, status,2, status,0
 Tracked objects:
		On entry : 
		On exit  : 
		Unchanged: 
 Data sizes:     COMRAM   BANK0   BANK1   BANK2   BANK3   BANK4   BANK5   BANK6   BANK7   BANK8   BANK9  BANK10  BANK11  BANK12  BANK13  BANK14
      Params:         0       0       0       0       0       0       0       0       0       0       0       0       0       0       0       0
      Locals:         0       0       0       0       0       0       0       0       0       0       0       0       0       0       0       0
      Temps:          7       0       0       0       0       0       0       0       0       0       0       0       0       0       0       0
      Totals:         7       0       0       0       0       0       0       0       0       0       0       0       0       0       0       0
Total ram usage:        7 bytes
 Hardware stack levels used:    1
 Hardware stack levels required when called:    2
 This function calls:
		Nothing
 This function is called by:
		_main
 This function uses a non-reentrant model


 *************** function _UpdatePWM1 *****************
 Defined at:
		line 148 in file "pwm.c"
 Parameters:    Size  Location     Type
		None
 Auto vars:     Size  Location     Type
		None
 Return value:  Size  Location     Type
		None               void
 Registers used:
		wreg, fsr2l, fsr2h, status,2, status,0
 Tracked objects:
		On entry : 
		On exit  : 
		Unchanged: 
 Data sizes:     COMRAM   BANK0   BANK1   BANK2   BANK3   BANK4   BANK5   BANK6   BANK7   BANK8   BANK9  BANK10  BANK11  BANK12  BANK13  BANK14
      Params:         0       0       0       0       0       0       0       0       0       0       0       0       0       0       0       0
      Locals:         0       0       0       0       0       0       0       0       0       0       0       0       0       0       0       0
      Temps:          5       0       0       0       0       0       0       0       0       0       0       0       0       0       0       0
      Totals:         5       0       0       0       0       0       0       0       0       0       0       0       0       0       0       0
Total ram usage:        5 bytes
 Hardware stack levels used:    1
 Hardware stack levels required when called:    2
 This function calls:
		Nothing
 This function is called by:
		_main
 This function uses a non-reentrant model


 *************** function _InitMotorPWM *****************
 Defined at:
		line 58 in file "pwm.c"
 Parameters:    Size  Location     Type
		None
 Auto vars:     Size  Location     Type
		None
 Return value:  Size  Location     Type
		None               void
 Registers used:
		wreg, status,2, cstack
 Tracked objects:
		On entry : 
		On exit  : 
		Unchanged: 
 Data sizes:     COMRAM   BANK0   BANK1   BANK2   BANK3   BANK4   BANK5   BANK6   BANK7   BANK8   BANK9  BANK10  BANK11  BANK12  BANK13  BANK14
      Params:         0       0       0       0       0       0       0       0       0       0       0       0       0       0       0       0
      Locals:         0       0       0       0       0       0       0       0       0       0       0       0       0       0       0       0
      Temps:          0       0       0       0       0       0       0       0       0       0       0       0       0       0       0       0
      Totals:         0       0       0       0       0       0       0       0       0       0       0       0       0       0       0       0
Total ram usage:        0 bytes
 Hardware stack levels used:    1
 Hardware stack levels required when called:    3
 This function calls:
		_InitPWM1
		_InitPWM2
		_InitPWM3
		_InitTMR2
 This function is called by:
		_main
 This function uses a non-reentrant model


 *************** function _InitTMR2 *****************
 Defined at:
		line 91 in file "pwm.c"
 Parameters:    Size  Location     Type
		None
 Auto vars:     Size  Location     Type
		None
 Return value:  Size  Location     Type
		None               void
 Registers used:
		wreg, status,2
 Tracked objects:
		On entry : 
		On exit  : 
		Unchanged: 
 Data sizes:     COMRAM   BANK0   BANK1   BANK2   BANK3   BANK4   BANK5   BANK6   BANK7   BANK8   BANK9  BANK10  BANK11  BANK12  BANK13  BANK14
      Params:         0       0       0       0       0       0       0       0       0       0       0       0       0       0       0       0
      Locals:         0       0       0       0       0       0       0       0       0       0       0       0       0       0       0       0
      Temps:          0       0       0       0       0       0       0       0       0       0       0       0       0       0       0       0
      Totals:         0       0       0       0       0       0       0       0       0       0       0       0       0       0       0       0
Total ram usage:        0 bytes
 Hardware stack levels used:    1
 Hardware stack levels required when called:    2
 This function calls:
		Nothing
 This function is called by:
		_InitMotorPWM
 This function uses a non-reentrant model


 *************** function _InitPWM3 *****************
 Defined at:
		line 134 in file "pwm.c"
 Parameters:    Size  Location     Type
		None
 Auto vars:     Size  Location     Type
		None
 Return value:  Size  Location     Type
		None               void
 Registers used:
		wreg, status,2
 Tracked objects:
		On entry : 
		On exit  : 
		Unchanged: 
 Data sizes:     COMRAM   BANK0   BANK1   BANK2   BANK3   BANK4   BANK5   BANK6   BANK7   BANK8   BANK9  BANK10  BANK11  BANK12  BANK13  BANK14
      Params:         0       0       0       0       0       0       0       0       0       0       0       0       0       0       0       0
      Locals:         0       0       0       0       0       0       0       0       0       0       0       0       0       0       0       0
      Temps:          0       0       0       0       0       0       0       0       0       0       0       0       0       0       0       0
      Totals:         0       0       0       0       0       0       0       0       0       0       0       0       0       0       0       0
Total ram usage:        0 bytes
 Hardware stack levels used:    1
 Hardware stack levels required when called:    2
 This function calls:
		Nothing
 This function is called by:
		_InitMotorPWM
 This function uses a non-reentrant model


 *************** function _InitPWM2 *****************
 Defined at:
		line 120 in file "pwm.c"
 Parameters:    Size  Location     Type
		None
 Auto vars:     Size  Location     Type
		None
 Return value:  Size  Location     Type
		None               void
 Registers used:
		wreg, status,2
 Tracked objects:
		On entry : 
		On exit  : 
		Unchanged: 
 Data sizes:     COMRAM   BANK0   BANK1   BANK2   BANK3   BANK4   BANK5   BANK6   BANK7   BANK8   BANK9  BANK10  BANK11  BANK12  BANK13  BANK14
      Params:         0       0       0       0       0       0       0       0       0       0       0       0       0       0       0       0
      Locals:         0       0       0       0       0       0       0       0       0       0       0       0       0       0       0       0
      Temps:          0       0       0       0       0       0       0       0       0       0       0       0       0       0       0       0
      Totals:         0       0       0       0       0       0       0       0       0       0       0       0       0       0       0       0
Total ram usage:        0 bytes
 Hardware stack levels used:    1
 Hardware stack levels required when called:    2
 This function calls:
		Nothing
 This function is called by:
		_InitMotorPWM
 This function uses a non-reentrant model


 *************** function _InitPWM1 *****************
 Defined at:
		line 106 in file "pwm.c"
 Parameters:    Size  Location     Type
		None
 Auto vars:     Size  Location     Type
		None
 Return value:  Size  Location     Type
		None               void
 Registers used:
		wreg, status,2
 Tracked objects:
		On entry : 
		On exit  : 
		Unchanged: 
 Data sizes:     COMRAM   BANK0   BANK1   BANK2   BANK3   BANK4   BANK5   BANK6   BANK7   BANK8   BANK9  BANK10  BANK11  BANK12  BANK13  BANK14
      Params:         0       0       0       0       0       0       0       0       0       0       0       0       0       0       0       0
      Locals:         0       0       0       0       0       0       0       0       0       0       0       0       0       0       0       0
      Temps:          0       0       0       0       0       0       0       0       0       0       0       0       0       0       0       0
      Totals:         0       0       0       0       0       0       0       0       0       0       0       0       0       0       0       0
Total ram usage:        0 bytes
 Hardware stack levels used:    1
 Hardware stack levels required when called:    2
 This function calls:
		Nothing
 This function is called by:
		_InitMotorPWM
 This function uses a non-reentrant model


 *************** function _ConfigureOscillator *****************
 Defined at:
		line 24 in file "system.c"
 Parameters:    Size  Location     Type
		None
 Auto vars:     Size  Location     Type
		None
 Return value:  Size  Location     Type
		None               void
 Registers used:
		wreg, status,2
 Tracked objects:
		On entry : 
		On exit  : 
		Unchanged: 
 Data sizes:     COMRAM   BANK0   BANK1   BANK2   BANK3   BANK4   BANK5   BANK6   BANK7   BANK8   BANK9  BANK10  BANK11  BANK12  BANK13  BANK14
      Params:         0       0       0       0       0       0       0       0       0       0       0       0       0       0       0       0
      Locals:         0       0       0       0       0       0       0       0       0       0       0       0       0       0       0       0
      Temps:          0       0       0       0       0       0       0       0       0       0       0       0       0       0       0       0
      Totals:         0       0       0       0       0       0       0       0       0       0       0       0       0       0       0       0
Total ram usage:        0 bytes
 Hardware stack levels used:    1
 Hardware stack levels required when called:    2
 This function calls:
		Nothing
 This function is called by:
		_main
 This function uses a non-reentrant model


 *************** function _low_isr *****************
 Defined at:
		line 69 in file "interrupts.c"
 Parameters:    Size  Location     Type
		None
 Auto vars:     Size  Location     Type
		None
 Return value:  Size  Location     Type
		None               void
 Registers used:
		None
 Tracked objects:
		On entry : 
		On exit  : 
		Unchanged: 
 Data sizes:     COMRAM   BANK0   BANK1   BANK2   BANK3   BANK4   BANK5   BANK6   BANK7   BANK8   BANK9  BANK10  BANK11  BANK12  BANK13  BANK14
      Params:         0       0       0       0       0       0       0       0       0       0       0       0       0       0       0       0
      Locals:         0       0       0       0       0       0       0       0       0       0       0       0       0       0       0       0
      Temps:         17       0       0       0       0       0       0       0       0       0       0       0       0       0       0       0
      Totals:        17       0       0       0       0       0       0       0       0       0       0       0       0       0       0       0
Total ram usage:       17 bytes
 Hardware stack levels used:    1
 Hardware stack levels required when called:    1
 This function calls:
		Nothing
 This function is called by:
		Interrupt level 1
 This function uses a non-reentrant model


 *************** function _high_isr *****************
 Defined at:
		line 29 in file "interrupts.c"
 Parameters:    Size  Location     Type
		None
 Auto vars:     Size  Location     Type
		None
 Return value:  Size  Location     Type
		None               void
 Registers used:
		None
 Tracked objects:
		On entry : 
		On exit  : 
		Unchanged: 
 Data sizes:     COMRAM   BANK0   BANK1   BANK2   BANK3   BANK4   BANK5   BANK6   BANK7   BANK8   BANK9  BANK10  BANK11  BANK12  BANK13  BANK14
      Params:         0       0       0       0       0       0       0       0       0       0       0       0       0       0       0       0
      Locals:         0       0       0       0       0       0       0       0       0       0       0       0       0       0       0       0
      Temps:         14       0       0       0       0       0       0       0       0       0       0       0       0       0       0       0
      Totals:        14       0       0       0       0       0       0       0       0       0       0       0       0       0       0       0
Total ram usage:       14 bytes
 Hardware stack levels used:    1
 This function calls:
		Nothing
 This function is called by:
		Interrupt level 2
 This function uses a non-reentrant model



MODULE INFORMATION

Module		Function		Class		Link	Load	Size
interrupts.c
		_high_isr      		CODE           	0008	0000	972
		_low_isr       		CODE           	0018	0000	138

interrupts.c estimated size: 1110

pwm.c
		_InitTMR2      		CODE           	04D6	0000	24
		_InitPWM1      		CODE           	0450	0000	52
		_InitPWM2      		CODE           	041C	0000	52
		_InitPWM3      		CODE           	03D4	0000	72
		_UpdatePWM1    		CODE           	01F4	0000	148
		_UpdatePWM2    		CODE           	0150	0000	164
		_UpdatePWM3    		CODE           	00A6	0000	170
		_InitMotorPWM  		CODE           	0308	0000	102

pwm.c estimated size: 784

shared
		__initializatio		CODE           	0484	0000	44

shared estimated size: 44

main.c
		_main          		CODE           	04B6	0000	32

main.c estimated size: 32

system.c
		_ConfigureOscil		CODE           	04EE	0000	14

system.c estimated size: 14

