Archive member included to satisfy reference by file (symbol)

/usr/local/gcc-arm-none-eabi-5_3-2016q1/bin/../lib/gcc/arm-none-eabi/5.3.1/../../../../arm-none-eabi/lib/armv7e-m/libg_nano.a(lib_a-errno.o)
                              ./system/src/newlib/_sbrk.o (__errno)
/usr/local/gcc-arm-none-eabi-5_3-2016q1/bin/../lib/gcc/arm-none-eabi/5.3.1/../../../../arm-none-eabi/lib/armv7e-m/libg_nano.a(lib_a-impure.o)
                              /usr/local/gcc-arm-none-eabi-5_3-2016q1/bin/../lib/gcc/arm-none-eabi/5.3.1/../../../../arm-none-eabi/lib/armv7e-m/libg_nano.a(lib_a-errno.o) (_impure_ptr)
/usr/local/gcc-arm-none-eabi-5_3-2016q1/bin/../lib/gcc/arm-none-eabi/5.3.1/../../../../arm-none-eabi/lib/armv7e-m/libg_nano.a(lib_a-strlen.o)
                              ./system/src/diag/Trace.o (strlen)
/usr/local/gcc-arm-none-eabi-5_3-2016q1/bin/../lib/gcc/arm-none-eabi/5.3.1/../../../../arm-none-eabi/lib/armv7e-m/libg_nano.a(lib_a-vsnprintf.o)
                              ./system/src/diag/Trace.o (vsnprintf)
/usr/local/gcc-arm-none-eabi-5_3-2016q1/bin/../lib/gcc/arm-none-eabi/5.3.1/../../../../arm-none-eabi/lib/armv7e-m/libg_nano.a(lib_a-nano-svfprintf.o)
                              /usr/local/gcc-arm-none-eabi-5_3-2016q1/bin/../lib/gcc/arm-none-eabi/5.3.1/../../../../arm-none-eabi/lib/armv7e-m/libg_nano.a(lib_a-vsnprintf.o) (_svfprintf_r)
/usr/local/gcc-arm-none-eabi-5_3-2016q1/bin/../lib/gcc/arm-none-eabi/5.3.1/../../../../arm-none-eabi/lib/armv7e-m/libg_nano.a(lib_a-nano-vfprintf_i.o)
                              /usr/local/gcc-arm-none-eabi-5_3-2016q1/bin/../lib/gcc/arm-none-eabi/5.3.1/../../../../arm-none-eabi/lib/armv7e-m/libg_nano.a(lib_a-nano-svfprintf.o) (_printf_i)
/usr/local/gcc-arm-none-eabi-5_3-2016q1/bin/../lib/gcc/arm-none-eabi/5.3.1/../../../../arm-none-eabi/lib/armv7e-m/libg_nano.a(lib_a-memchr.o)
                              /usr/local/gcc-arm-none-eabi-5_3-2016q1/bin/../lib/gcc/arm-none-eabi/5.3.1/../../../../arm-none-eabi/lib/armv7e-m/libg_nano.a(lib_a-nano-svfprintf.o) (memchr)
/usr/local/gcc-arm-none-eabi-5_3-2016q1/bin/../lib/gcc/arm-none-eabi/5.3.1/../../../../arm-none-eabi/lib/armv7e-m/libg_nano.a(lib_a-memcpy-stub.o)
                              /usr/local/gcc-arm-none-eabi-5_3-2016q1/bin/../lib/gcc/arm-none-eabi/5.3.1/../../../../arm-none-eabi/lib/armv7e-m/libg_nano.a(lib_a-nano-svfprintf.o) (memcpy)
/usr/local/gcc-arm-none-eabi-5_3-2016q1/bin/../lib/gcc/arm-none-eabi/5.3.1/../../../../arm-none-eabi/lib/armv7e-m/libg_nano.a(lib_a-memmove.o)
                              /usr/local/gcc-arm-none-eabi-5_3-2016q1/bin/../lib/gcc/arm-none-eabi/5.3.1/../../../../arm-none-eabi/lib/armv7e-m/libg_nano.a(lib_a-nano-svfprintf.o) (memmove)
/usr/local/gcc-arm-none-eabi-5_3-2016q1/bin/../lib/gcc/arm-none-eabi/5.3.1/../../../../arm-none-eabi/lib/armv7e-m/libg_nano.a(lib_a-nano-freer.o)
                              /usr/local/gcc-arm-none-eabi-5_3-2016q1/bin/../lib/gcc/arm-none-eabi/5.3.1/../../../../arm-none-eabi/lib/armv7e-m/libg_nano.a(lib_a-nano-svfprintf.o) (_free_r)
/usr/local/gcc-arm-none-eabi-5_3-2016q1/bin/../lib/gcc/arm-none-eabi/5.3.1/../../../../arm-none-eabi/lib/armv7e-m/libg_nano.a(lib_a-nano-mallocr.o)
                              /usr/local/gcc-arm-none-eabi-5_3-2016q1/bin/../lib/gcc/arm-none-eabi/5.3.1/../../../../arm-none-eabi/lib/armv7e-m/libg_nano.a(lib_a-nano-svfprintf.o) (_malloc_r)
/usr/local/gcc-arm-none-eabi-5_3-2016q1/bin/../lib/gcc/arm-none-eabi/5.3.1/../../../../arm-none-eabi/lib/armv7e-m/libg_nano.a(lib_a-nano-reallocr.o)
                              /usr/local/gcc-arm-none-eabi-5_3-2016q1/bin/../lib/gcc/arm-none-eabi/5.3.1/../../../../arm-none-eabi/lib/armv7e-m/libg_nano.a(lib_a-nano-svfprintf.o) (_realloc_r)
/usr/local/gcc-arm-none-eabi-5_3-2016q1/bin/../lib/gcc/arm-none-eabi/5.3.1/../../../../arm-none-eabi/lib/armv7e-m/libg_nano.a(lib_a-sbrkr.o)
                              /usr/local/gcc-arm-none-eabi-5_3-2016q1/bin/../lib/gcc/arm-none-eabi/5.3.1/../../../../arm-none-eabi/lib/armv7e-m/libg_nano.a(lib_a-nano-mallocr.o) (_sbrk_r)
/usr/local/gcc-arm-none-eabi-5_3-2016q1/bin/../lib/gcc/arm-none-eabi/5.3.1/../../../../arm-none-eabi/lib/armv7e-m/libg_nano.a(lib_a-nano-msizer.o)
                              /usr/local/gcc-arm-none-eabi-5_3-2016q1/bin/../lib/gcc/arm-none-eabi/5.3.1/../../../../arm-none-eabi/lib/armv7e-m/libg_nano.a(lib_a-nano-reallocr.o) (_malloc_usable_size_r)

Allocating common symbols
Common symbol       size              file

timer_delayCount    0x4               ./src/Timer.o
errno               0x4               ./system/src/newlib/_syscalls.o

Discarded input sections

 .group         0x0000000000000000        0x8 ./system/src/stm32f3-stdperiph/stm32f30x_gpio.o
 .group         0x0000000000000000        0x8 ./system/src/stm32f3-stdperiph/stm32f30x_gpio.o
 .group         0x0000000000000000        0x8 ./system/src/stm32f3-stdperiph/stm32f30x_gpio.o
 .group         0x0000000000000000        0x8 ./system/src/stm32f3-stdperiph/stm32f30x_gpio.o
[...]
Memory Configuration

Name             Origin             Length             Attributes
RAM              0x0000000020000000 0x000000000000a000 xrw
CCMRAM           0x0000000010000000 0x0000000000002000 xrw
FLASH            0x0000000008000000 0x0000000000040000 xr
FLASHB1          0x0000000000000000 0x0000000000000000 xr
EXTMEMB0         0x0000000000000000 0x0000000000000000 xr
EXTMEMB1         0x0000000000000000 0x0000000000000000 xr
EXTMEMB2         0x0000000000000000 0x0000000000000000 xr
EXTMEMB3         0x0000000000000000 0x0000000000000000 xr
MEMORY_ARRAY     0x0000000020002000 0x0000000000000000 xrw
*default*        0x0000000000000000 0xffffffffffffffff

Linker script and memory map

LOAD ./system/src/stm32f3-stdperiph/stm32f30x_gpio.o
LOAD ./system/src/stm32f3-stdperiph/stm32f30x_rcc.o
LOAD ./system/src/stm32f3-stdperiph/stm32f3xx_nucleo.o
LOAD ./system/src/newlib/_cxx.o
LOAD ./system/src/newlib/_exit.o
LOAD ./system/src/newlib/_sbrk.o
LOAD ./system/src/newlib/_startup.o
LOAD ./system/src/newlib/_syscalls.o
LOAD ./system/src/newlib/assert.o
LOAD ./system/src/diag/Trace.o
LOAD ./system/src/diag/trace_impl.o
LOAD ./system/src/cortexm/_initialize_hardware.o
LOAD ./system/src/cortexm/_reset_hardware.o
LOAD ./system/src/cortexm/exception_handlers.o
LOAD ./system/src/cmsis/system_stm32f30x.o
LOAD ./system/src/cmsis/vectors_stm32f30x.o
LOAD ./src/BlinkLed.o
LOAD ./src/Timer.o
LOAD ./src/_write.o
LOAD ./src/main.o
LOAD /usr/local/gcc-arm-none-eabi-5_3-2016q1/bin/../lib/gcc/arm-none-eabi/5.3.1/../../../../arm-none-eabi/lib/armv7e-m/libstdc++_nano.a
LOAD /usr/local/gcc-arm-none-eabi-5_3-2016q1/bin/../lib/gcc/arm-none-eabi/5.3.1/../../../../arm-none-eabi/lib/armv7e-m/libm.a
START GROUP
LOAD /usr/local/gcc-arm-none-eabi-5_3-2016q1/bin/../lib/gcc/arm-none-eabi/5.3.1/armv7e-m/libgcc.a
LOAD /usr/local/gcc-arm-none-eabi-5_3-2016q1/bin/../lib/gcc/arm-none-eabi/5.3.1/../../../../arm-none-eabi/lib/armv7e-m/libg_nano.a
LOAD /usr/local/gcc-arm-none-eabi-5_3-2016q1/bin/../lib/gcc/arm-none-eabi/5.3.1/../../../../arm-none-eabi/lib/armv7e-m/libc_nano.a
END GROUP
START GROUP
LOAD /usr/local/gcc-arm-none-eabi-5_3-2016q1/bin/../lib/gcc/arm-none-eabi/5.3.1/armv7e-m/libgcc.a
LOAD /usr/local/gcc-arm-none-eabi-5_3-2016q1/bin/../lib/gcc/arm-none-eabi/5.3.1/../../../../arm-none-eabi/lib/armv7e-m/libc_nano.a
END GROUP
                0x000000002000a000                __stack = (ORIGIN (RAM) + LENGTH (RAM))
                0x000000002000a000                _estack = __stack
                0x0000000000000400                __Main_Stack_Size = 0x400
                [!provide]                        PROVIDE (_Main_Stack_Size, __Main_Stack_Size)
                0x0000000020009c00                __Main_Stack_Limit = (__stack - __Main_Stack_Size)
                [!provide]                        PROVIDE (_Main_Stack_Limit, __Main_Stack_Limit)
                0x0000000000000100                _Minimum_Stack_Size = 0x100
                0x000000002000012c                PROVIDE (_Heap_Begin, _end_noinit)
                0x0000000020009c00                PROVIDE (_Heap_Limit, (__stack - __Main_Stack_Size))

.isr_vector     0x0000000008000000      0x3ec
 FILL mask 0xff
                0x0000000008000000                __vectors_start = ABSOLUTE (.)
                0x0000000008000000                __vectors_start__ = ABSOLUTE (.)
 *(.isr_vector)
 .isr_vector    0x0000000008000000      0x188 ./system/src/cmsis/vectors_stm32f30x.o
                0x0000000008000000                __isr_vectors
 *(.cfmconfig)
 *(.after_vectors .after_vectors.*)
 .after_vectors
                0x0000000008000188      0x130 ./system/src/newlib/_startup.o
                0x0000000008000188                _start
 .after_vectors
                0x00000000080002b8      0x130 ./system/src/cortexm/exception_handlers.o
                0x00000000080002b8                Reset_Handler
                0x00000000080002c0                NMI_Handler
                0x00000000080002c4                HardFault_Handler
                0x00000000080002d8                HardFault_Handler_C
                0x0000000008000338                MemManage_Handler
                0x000000000800033c                BusFault_Handler
                0x0000000008000350                BusFault_Handler_C
                0x0000000008000384                UsageFault_Handler
                0x0000000008000398                UsageFault_Handler_C
                0x00000000080003cc                SVC_Handler
                0x00000000080003d0                DebugMon_Handler
                0x00000000080003d4                PendSV_Handler
 .after_vectors
                0x00000000080003e8        0x4 ./system/src/cmsis/vectors_stm32f30x.o
                0x00000000080003e8                TIM1_BRK_TIM15_IRQHandler
                0x00000000080003e8                TIM8_TRG_COM_IRQHandler
                0x00000000080003e8                TIM8_CC_IRQHandler
                0x00000000080003e8                TIM1_CC_IRQHandler
                0x00000000080003e8                USB_HP_IRQHandler
                0x00000000080003e8                PVD_IRQHandler
                0x00000000080003e8                EXTI3_IRQHandler
                0x00000000080003e8                EXTI0_IRQHandler
                0x00000000080003e8                I2C2_EV_IRQHandler
                0x00000000080003e8                FPU_IRQHandler
                0x00000000080003e8                EXTI2_TS_IRQHandler
                0x00000000080003e8                TIM1_UP_TIM16_IRQHandler
                0x00000000080003e8                ADC1_2_IRQHandler
                0x00000000080003e8                SPI1_IRQHandler
                0x00000000080003e8                TIM6_DAC_IRQHandler
                0x00000000080003e8                TIM8_UP_IRQHandler
                0x00000000080003e8                DMA2_Channel2_IRQHandler
                0x00000000080003e8                DMA1_Channel4_IRQHandler
                0x00000000080003e8                USART3_IRQHandler
                0x00000000080003e8                DMA1_Channel7_IRQHandler
                0x00000000080003e8                CAN1_RX1_IRQHandler
                0x00000000080003e8                UART5_IRQHandler
                0x00000000080003e8                ADC3_IRQHandler
                0x00000000080003e8                TIM4_IRQHandler
                0x00000000080003e8                DMA2_Channel1_IRQHandler
                0x00000000080003e8                I2C1_EV_IRQHandler
                0x00000000080003e8                DMA1_Channel6_IRQHandler
                0x00000000080003e8                UART4_IRQHandler
                0x00000000080003e8                DMA2_Channel4_IRQHandler
                0x00000000080003e8                TIM3_IRQHandler
                0x00000000080003e8                RCC_IRQHandler
                0x00000000080003e8                DMA1_Channel1_IRQHandler
                0x00000000080003e8                Default_Handler
                0x00000000080003e8                USBWakeUp_RMP_IRQHandler
                0x00000000080003e8                EXTI15_10_IRQHandler
                0x00000000080003e8                TIM7_IRQHandler
                0x00000000080003e8                EXTI9_5_IRQHandler
                0x00000000080003e8                TAMPER_STAMP_IRQHandler
                0x00000000080003e8                RTC_WKUP_IRQHandler
                0x00000000080003e8                SPI2_IRQHandler
                0x00000000080003e8                DMA2_Channel5_IRQHandler
                0x00000000080003e8                DMA1_Channel5_IRQHandler
                0x00000000080003e8                USB_LP_IRQHandler
                0x00000000080003e8                EXTI4_IRQHandler
                0x00000000080003e8                USB_LP_CAN1_RX0_IRQHandler
                0x00000000080003e8                TIM1_TRG_COM_TIM17_IRQHandler
                0x00000000080003e8                USB_HP_CAN1_TX_IRQHandler
                0x00000000080003e8                DMA1_Channel3_IRQHandler
                0x00000000080003e8                ADC4_IRQHandler
                0x00000000080003e8                WWDG_IRQHandler
                0x00000000080003e8                TIM2_IRQHandler
                0x00000000080003e8                COMP7_IRQHandler
                0x00000000080003e8                COMP1_2_3_IRQHandler
                0x00000000080003e8                EXTI1_IRQHandler
                0x00000000080003e8                USART2_IRQHandler
                0x00000000080003e8                COMP4_5_6_IRQHandler
                0x00000000080003e8                I2C2_ER_IRQHandler
                0x00000000080003e8                DMA1_Channel2_IRQHandler
                0x00000000080003e8                TIM8_BRK_IRQHandler
                0x00000000080003e8                CAN1_SCE_IRQHandler
                0x00000000080003e8                FLASH_IRQHandler
                0x00000000080003e8                USART1_IRQHandler
                0x00000000080003e8                SPI3_IRQHandler
                0x00000000080003e8                I2C1_ER_IRQHandler
                0x00000000080003e8                USBWakeUp_IRQHandler
                0x00000000080003e8                DMA2_Channel3_IRQHandler
                0x00000000080003e8                RTC_Alarm_IRQHandler

.inits          0x00000000080003ec       0x28
                0x00000000080003ec                __data_regions_array_start = .
                0x00000000080003ec        0x4 LONG 0x8001688 LOADADDR (.data)
                0x00000000080003f0        0x4 LONG 0x20000000 ADDR (.data)
                0x00000000080003f4        0x4 LONG 0x2000008c (ADDR (.data) + SIZEOF (.data))
                0x00000000080003f8        0x4 LONG 0x8001688 LOADADDR (.data_CCMRAM)
                0x00000000080003fc        0x4 LONG 0x10000000 ADDR (.data_CCMRAM)
                0x0000000008000400        0x4 LONG 0x10000000 (ADDR (.data_CCMRAM) + SIZEOF (.data_CCMRAM))
                0x0000000008000404                __data_regions_array_end = .
                0x0000000008000404                __bss_regions_array_start = .
                0x0000000008000404        0x4 LONG 0x2000008c ADDR (.bss)
                0x0000000008000408        0x4 LONG 0x2000012c (ADDR (.bss) + SIZEOF (.bss))
                0x000000000800040c        0x4 LONG 0x10000000 ADDR (.bss_CCMRAM)
                0x0000000008000410        0x4 LONG 0x10000000 (ADDR (.bss_CCMRAM) + SIZEOF (.bss_CCMRAM))
                0x0000000008000414                __bss_regions_array_end = .
 *(.init)
 *(.fini)
                0x0000000008000414                . = ALIGN (0x4)
                0x0000000008000414                PROVIDE (__preinit_array_start, .)
 *(.preinit_array_sysinit .preinit_array_sysinit.*)
 *(.preinit_array_platform .preinit_array_platform.*)
 *(.preinit_array .preinit_array.*)
                0x0000000008000414                PROVIDE (__preinit_array_end, .)
                0x0000000008000414                . = ALIGN (0x4)
                0x0000000008000414                PROVIDE (__init_array_start, .)
 *(SORT(.init_array.*))
 *(.init_array)
                0x0000000008000414                PROVIDE (__init_array_end, .)
                0x0000000008000414                . = ALIGN (0x4)
                0x0000000008000414                PROVIDE (__fini_array_start, .)
 *(SORT(.fini_array.*))
 *(.fini_array)
                0x0000000008000414                PROVIDE (__fini_array_end, .)

.flashtext
 *(.flashtext .flashtext.*)

.text           0x0000000008000420     0x1265
 *(.text .text.*)
 .text.GPIO_Init
                0x0000000008000420      0x118 ./system/src/stm32f3-stdperiph/stm32f30x_gpio.o
                0x0000000008000420                GPIO_Init
 .text.RCC_AHBPeriphClockCmd
                0x0000000008000538       0x4c ./system/src/stm32f3-stdperiph/stm32f30x_rcc.o
                0x0000000008000538                RCC_AHBPeriphClockCmd
 .text.STM_EVAL_LEDInit
                0x0000000008000584       0x40 ./system/src/stm32f3-stdperiph/stm32f3xx_nucleo.o
                0x0000000008000584                STM_EVAL_LEDInit
 .text.STM_EVAL_LEDOn
                0x00000000080005c4       0x14 ./system/src/stm32f3-stdperiph/stm32f3xx_nucleo.o
                0x00000000080005c4                STM_EVAL_LEDOn
 .text.STM_EVAL_LEDOff
                0x00000000080005d8       0x14 ./system/src/stm32f3-stdperiph/stm32f3xx_nucleo.o
                0x00000000080005d8                STM_EVAL_LEDOff
 .text._exit    0x00000000080005ec        0x4 ./system/src/newlib/_exit.o
                0x00000000080005ec                _exit
 .text.abort    0x00000000080005f0       0x14 ./system/src/newlib/_exit.o
                0x00000000080005f0                abort
 .text._sbrk    0x0000000008000604       0x44 ./system/src/newlib/_sbrk.o
                0x0000000008000604                _sbrk
 .text.__initialize_args
                0x0000000008000648       0x10 ./system/src/newlib/_syscalls.o
                0x0000000008000648                __initialize_args
 .text.assert_failed
                0x0000000008000658       0x14 ./system/src/newlib/assert.o
                0x0000000008000658                assert_failed
 .text.trace_printf
                0x000000000800066c       0x30 ./system/src/diag/Trace.o
                0x000000000800066c                trace_printf
 .text.trace_puts
                0x000000000800069c       0x20 ./system/src/diag/Trace.o
                0x000000000800069c                trace_puts
 .text._trace_write_semihosting_debug
                0x00000000080006bc       0x64 ./system/src/diag/trace_impl.o
 .text.trace_write
                0x0000000008000720        0x8 ./system/src/diag/trace_impl.o
                0x0000000008000720                trace_write
 .text.__initialize_hardware_early
                0x0000000008000728        0x8 ./system/src/cortexm/_initialize_hardware.o
                0x0000000008000728                __initialize_hardware_early
 .text.__initialize_hardware
                0x0000000008000730        0x8 ./system/src/cortexm/_initialize_hardware.o
                0x0000000008000730                __initialize_hardware
 .text.dumpExceptionStack
                0x0000000008000738       0xf0 ./system/src/cortexm/exception_handlers.o
                0x0000000008000738                dumpExceptionStack
 .text.isSemihosting
                0x0000000008000828       0x20 ./system/src/cortexm/exception_handlers.o
                0x0000000008000828                isSemihosting
 .text.SetSysClock
                0x0000000008000848       0xb0 ./system/src/cmsis/system_stm32f30x.o
 .text.SystemInit
                0x00000000080008f8       0x64 ./system/src/cmsis/system_stm32f30x.o
                0x00000000080008f8                SystemInit
 .text.SystemCoreClockUpdate
                0x000000000800095c       0x8c ./system/src/cmsis/system_stm32f30x.o
                0x000000000800095c                SystemCoreClockUpdate
 .text.timer_start
                0x00000000080009e8       0x3c ./src/Timer.o
                0x00000000080009e8                timer_start
 .text.timer_sleep
                0x0000000008000a24       0x14 ./src/Timer.o
                0x0000000008000a24                timer_sleep
 .text.timer_tick
                0x0000000008000a38       0x14 ./src/Timer.o
                0x0000000008000a38                timer_tick
 .text.SysTick_Handler
                0x0000000008000a4c        0x8 ./src/Timer.o
                0x0000000008000a4c                SysTick_Handler
 .text.main     0x0000000008000a54       0x5c ./src/main.o
                0x0000000008000a54                main
 .text.__errno  0x0000000008000ab0        0xc /usr/local/gcc-arm-none-eabi-5_3-2016q1/bin/../lib/gcc/arm-none-eabi/5.3.1/../../../../arm-none-eabi/lib/armv7e-m/libg_nano.a(lib_a-errno.o)
                0x0000000008000ab0                __errno
 .text          0x0000000008000abc       0x10 /usr/local/gcc-arm-none-eabi-5_3-2016q1/bin/../lib/gcc/arm-none-eabi/5.3.1/../../../../arm-none-eabi/lib/armv7e-m/libg_nano.a(lib_a-strlen.o)
                0x0000000008000abc                strlen
 .text._vsnprintf_r
                0x0000000008000acc       0x56 /usr/local/gcc-arm-none-eabi-5_3-2016q1/bin/../lib/gcc/arm-none-eabi/5.3.1/../../../../arm-none-eabi/lib/armv7e-m/libg_nano.a(lib_a-vsnprintf.o)
                0x0000000008000acc                _vsnprintf_r
                0x0000000008000acc                _vsniprintf_r
 *fill*         0x0000000008000b22        0x2 
 .text.vsnprintf
                0x0000000008000b24       0x1c /usr/local/gcc-arm-none-eabi-5_3-2016q1/bin/../lib/gcc/arm-none-eabi/5.3.1/../../../../arm-none-eabi/lib/armv7e-m/libg_nano.a(lib_a-vsnprintf.o)
                0x0000000008000b24                vsnprintf
                0x0000000008000b24                vsniprintf
 .text.__ssputs_r
                0x0000000008000b40       0xb2 /usr/local/gcc-arm-none-eabi-5_3-2016q1/bin/../lib/gcc/arm-none-eabi/5.3.1/../../../../arm-none-eabi/lib/armv7e-m/libg_nano.a(lib_a-nano-svfprintf.o)
                0x0000000008000b40                __ssputs_r
 *fill*         0x0000000008000bf2        0x2 
 .text._svfprintf_r
                0x0000000008000bf4      0x1e8 /usr/local/gcc-arm-none-eabi-5_3-2016q1/bin/../lib/gcc/arm-none-eabi/5.3.1/../../../../arm-none-eabi/lib/armv7e-m/libg_nano.a(lib_a-nano-svfprintf.o)
                0x0000000008000bf4                _svfprintf_r
                0x0000000008000bf4                _svfiprintf_r
 .text._printf_common
                0x0000000008000ddc       0xec /usr/local/gcc-arm-none-eabi-5_3-2016q1/bin/../lib/gcc/arm-none-eabi/5.3.1/../../../../arm-none-eabi/lib/armv7e-m/libg_nano.a(lib_a-nano-vfprintf_i.o)
                0x0000000008000ddc                _printf_common
 .text._printf_i
                0x0000000008000ec8      0x24c /usr/local/gcc-arm-none-eabi-5_3-2016q1/bin/../lib/gcc/arm-none-eabi/5.3.1/../../../../arm-none-eabi/lib/armv7e-m/libg_nano.a(lib_a-nano-vfprintf_i.o)
                0x0000000008000ec8                _printf_i
 *fill*         0x0000000008001114        0xc 
 .text          0x0000000008001120       0xa0 /usr/local/gcc-arm-none-eabi-5_3-2016q1/bin/../lib/gcc/arm-none-eabi/5.3.1/../../../../arm-none-eabi/lib/armv7e-m/libg_nano.a(lib_a-memchr.o)
                0x0000000008001120                memchr
 .text.memcpy   0x00000000080011c0       0x16 /usr/local/gcc-arm-none-eabi-5_3-2016q1/bin/../lib/gcc/arm-none-eabi/5.3.1/../../../../arm-none-eabi/lib/armv7e-m/libg_nano.a(lib_a-memcpy-stub.o)
                0x00000000080011c0                memcpy
 .text.memmove  0x00000000080011d6       0x36 /usr/local/gcc-arm-none-eabi-5_3-2016q1/bin/../lib/gcc/arm-none-eabi/5.3.1/../../../../arm-none-eabi/lib/armv7e-m/libg_nano.a(lib_a-memmove.o)
                0x00000000080011d6                memmove
 .text._free_r  0x000000000800120c       0x8c /usr/local/gcc-arm-none-eabi-5_3-2016q1/bin/../lib/gcc/arm-none-eabi/5.3.1/../../../../arm-none-eabi/lib/armv7e-m/libg_nano.a(lib_a-nano-freer.o)
                0x000000000800120c                _free_r
 .text._malloc_r
                0x0000000008001298       0xa8 /usr/local/gcc-arm-none-eabi-5_3-2016q1/bin/../lib/gcc/arm-none-eabi/5.3.1/../../../../arm-none-eabi/lib/armv7e-m/libg_nano.a(lib_a-nano-mallocr.o)
                0x0000000008001298                _malloc_r
 .text._realloc_r
                0x0000000008001340       0x4c /usr/local/gcc-arm-none-eabi-5_3-2016q1/bin/../lib/gcc/arm-none-eabi/5.3.1/../../../../arm-none-eabi/lib/armv7e-m/libg_nano.a(lib_a-nano-reallocr.o)
                0x0000000008001340                _realloc_r
 .text._sbrk_r  0x000000000800138c       0x20 /usr/local/gcc-arm-none-eabi-5_3-2016q1/bin/../lib/gcc/arm-none-eabi/5.3.1/../../../../arm-none-eabi/lib/armv7e-m/libg_nano.a(lib_a-sbrkr.o)
                0x000000000800138c                _sbrk_r
 .text._malloc_usable_size_r
                0x00000000080013ac       0x14 /usr/local/gcc-arm-none-eabi-5_3-2016q1/bin/../lib/gcc/arm-none-eabi/5.3.1/../../../../arm-none-eabi/lib/armv7e-m/libg_nano.a(lib_a-nano-msizer.o)
                0x00000000080013ac                _malloc_usable_size_r
 *(.rodata .rodata.* .constdata .constdata.*)
 .rodata.str1.4
                0x00000000080013c0       0x31 ./system/src/stm32f3-stdperiph/stm32f30x_gpio.o
 *fill*         0x00000000080013f1        0x3 
 .rodata.str1.4
                0x00000000080013f4       0x30 ./system/src/stm32f3-stdperiph/stm32f30x_rcc.o
 .rodata.str1.4
                0x0000000008001424       0x14 ./system/src/newlib/_exit.o
 .rodata.str1.4
                0x0000000008001438       0x6b ./system/src/newlib/assert.o
                                         0x6f (size before relaxing)
 *fill*         0x00000000080014a3        0x1 
 .rodata.str1.4
                0x00000000080014a4       0x29 ./system/src/diag/Trace.o
                                         0x2d (size before relaxing)
 *fill*         0x00000000080014cd        0x3 
 .rodata.str1.4
                0x00000000080014d0      0x146 ./system/src/cortexm/exception_handlers.o
 *fill*         0x0000000008001616        0x2 
 .rodata.str1.4
                0x0000000008001618       0x38 ./src/main.o
                                         0x37 (size before relaxing)
 .rodata.str1.1
                0x0000000008001650        0x2 /usr/local/gcc-arm-none-eabi-5_3-2016q1/bin/../lib/gcc/arm-none-eabi/5.3.1/../../../../arm-none-eabi/lib/armv7e-m/libg_nano.a(lib_a-impure.o)
 .rodata.str1.1
                0x0000000008001652       0x11 /usr/local/gcc-arm-none-eabi-5_3-2016q1/bin/../lib/gcc/arm-none-eabi/5.3.1/../../../../arm-none-eabi/lib/armv7e-m/libg_nano.a(lib_a-nano-svfprintf.o)
 .rodata.str1.1
                0x0000000008001663       0x22 /usr/local/gcc-arm-none-eabi-5_3-2016q1/bin/../lib/gcc/arm-none-eabi/5.3.1/../../../../arm-none-eabi/lib/armv7e-m/libg_nano.a(lib_a-nano-vfprintf_i.o)
 *(vtable)
 *(.eh_frame*)
 *(.glue_7)
 .glue_7        0x0000000008001685        0x0 linker stubs
 *(.glue_7t)
 .glue_7t       0x0000000008001685        0x0 linker stubs

.vfp11_veneer   0x0000000008001688        0x0
 .vfp11_veneer  0x0000000008001688        0x0 linker stubs

.v4_bx          0x0000000008001688        0x0
 .v4_bx         0x0000000008001688        0x0 linker stubs

.iplt           0x0000000008001688        0x0
 .iplt          0x0000000008001688        0x0 ./system/src/stm32f3-stdperiph/stm32f30x_gpio.o

.rel.dyn        0x0000000008001688        0x0
 .rel.iplt      0x0000000008001688        0x0 ./system/src/stm32f3-stdperiph/stm32f30x_gpio.o

.ARM.extab
 *(.ARM.extab* .gnu.linkonce.armextab.*)
                0x0000000008001688                . = ALIGN (0x4)
                0x0000000008001688                __exidx_start = .

.ARM.exidx
 *(.ARM.exidx* .gnu.linkonce.armexidx.*)
                0x0000000008001688                __exidx_end = .
                0x0000000008001688                . = ALIGN (0x4)
                0x0000000008001688                _etext = .
                0x0000000008001688                __etext = .

.data_CCMRAM    0x0000000010000000        0x0 load address 0x0000000008001688
 FILL mask 0xff
 *(.data.CCMRAM .data.CCMRAM.*)
                0x0000000010000000                . = ALIGN (0x4)
                0x0000000008001688                _sidata = LOADADDR (.data)

.data           0x0000000020000000       0x8c load address 0x0000000008001688
 FILL mask 0xff
                0x0000000020000000                _sdata = .
                0x0000000020000000                __data_start__ = .
 *(.data_begin .data_begin.*)
 .data_begin    0x0000000020000000        0x4 ./system/src/newlib/_startup.o
 *(.data .data.*)
 .data.GPIO_PORT
                0x0000000020000004        0x4 ./system/src/stm32f3-stdperiph/stm32f3xx_nucleo.o
                0x0000000020000004                GPIO_PORT
 .data.argv.4254
                0x0000000020000008        0x8 ./system/src/newlib/_syscalls.o
 .data.AHBPrescTable
                0x0000000020000010       0x10 ./system/src/cmsis/system_stm32f30x.o
                0x0000000020000010                AHBPrescTable
 .data.SystemCoreClock
                0x0000000020000020        0x4 ./system/src/cmsis/system_stm32f30x.o
                0x0000000020000020                SystemCoreClock
 .data.impure_data
                0x0000000020000024       0x60 /usr/local/gcc-arm-none-eabi-5_3-2016q1/bin/../lib/gcc/arm-none-eabi/5.3.1/../../../../arm-none-eabi/lib/armv7e-m/libg_nano.a(lib_a-impure.o)
 .data._impure_ptr
                0x0000000020000084        0x4 /usr/local/gcc-arm-none-eabi-5_3-2016q1/bin/../lib/gcc/arm-none-eabi/5.3.1/../../../../arm-none-eabi/lib/armv7e-m/libg_nano.a(lib_a-impure.o)
                0x0000000020000084                _impure_ptr
 *(.data_end .data_end.*)
 .data_end      0x0000000020000088        0x4 ./system/src/newlib/_startup.o
                0x000000002000008c                . = ALIGN (0x4)
                0x000000002000008c                _edata = .
                0x000000002000008c                __data_end__ = .

.igot.plt       0x000000002000008c        0x0 load address 0x0000000008001714
 .igot.plt      0x000000002000008c        0x0 ./system/src/stm32f3-stdperiph/stm32f30x_gpio.o

.bss_CCMRAM     0x0000000010000000        0x0
 *(.bss.CCMRAM .bss.CCMRAM.*)

.bss            0x000000002000008c       0xa0
                0x000000002000008c                __bss_start__ = .
                0x000000002000008c                _sbss = .
 *(.bss_begin .bss_begin.*)
 .bss_begin     0x000000002000008c        0x4 ./system/src/newlib/_startup.o
 *(.bss .bss.*)
 .bss.current_heap_end.3946
                0x0000000020000090        0x4 ./system/src/newlib/_sbrk.o
 .bss.name.4253
                0x0000000020000094        0x1 ./system/src/newlib/_syscalls.o
 *fill*         0x0000000020000095        0x3 
 .bss.buf.5140  0x0000000020000098       0x80 ./system/src/diag/Trace.o
 .bss.__malloc_sbrk_start
                0x0000000020000118        0x4 /usr/local/gcc-arm-none-eabi-5_3-2016q1/bin/../lib/gcc/arm-none-eabi/5.3.1/../../../../arm-none-eabi/lib/armv7e-m/libg_nano.a(lib_a-nano-mallocr.o)
                0x0000000020000118                __malloc_sbrk_start
 .bss.__malloc_free_list
                0x000000002000011c        0x4 /usr/local/gcc-arm-none-eabi-5_3-2016q1/bin/../lib/gcc/arm-none-eabi/5.3.1/../../../../arm-none-eabi/lib/armv7e-m/libg_nano.a(lib_a-nano-mallocr.o)
                0x000000002000011c                __malloc_free_list
 *(COMMON)
 COMMON         0x0000000020000120        0x4 ./system/src/newlib/_syscalls.o
                0x0000000020000120                errno
 COMMON         0x0000000020000124        0x4 ./src/Timer.o
                0x0000000020000124                timer_delayCount
 *(.bss_end .bss_end.*)
 .bss_end       0x0000000020000128        0x4 ./system/src/newlib/_startup.o
                0x000000002000012c                . = ALIGN (0x4)
                0x000000002000012c                __bss_end__ = .
                0x000000002000012c                _ebss = .

.noinit_CCMRAM
 *(.noinit.CCMRAM .noinit.CCMRAM.*)

.noinit         0x000000002000012c        0x0
                0x000000002000012c                _noinit = .
 *(.noinit .noinit.*)
                0x000000002000012c                . = ALIGN (0x4)
                0x000000002000012c                _end_noinit = .
                [!provide]                        PROVIDE (end, _end_noinit)
                [!provide]                        PROVIDE (_end, _end_noinit)
                [!provide]                        PROVIDE (__end, _end_noinit)
                [!provide]                        PROVIDE (__end__, _end_noinit)

._check_stack   0x000000002000012c      0x100
                0x000000002000022c                . = (. + _Minimum_Stack_Size)
 *fill*         0x000000002000012c      0x100 

.b1text
 *(.b1text)
 *(.b1rodata)
 *(.b1rodata.*)

.eb0text
 *(.eb0text)
 *(.eb0rodata)
 *(.eb0rodata.*)

.eb1text
 *(.eb1text)
 *(.eb1rodata)
 *(.eb1rodata.*)

.eb2text
 *(.eb2text)
 *(.eb2rodata)
 *(.eb2rodata.*)

.eb3text
 *(.eb3text)
 *(.eb3rodata)
 *(.eb3rodata.*)

.stab
 *(.stab)

.stabstr
 *(.stabstr)

.stab.excl
 *(.stab.excl)

.stab.exclstr
 *(.stab.exclstr)

.stab.index
 *(.stab.index)

.stab.indexstr
 *(.stab.indexstr)

.comment        0x0000000000000000       0x6e
 *(.comment)
 .comment       0x0000000000000000       0x6e ./system/src/stm32f3-stdperiph/stm32f30x_gpio.o
                                         0x6f (size before relaxing)
 .comment       0x000000000000006e       0x6f ./system/src/stm32f3-stdperiph/stm32f30x_rcc.o
 .comment       0x000000000000006e       0x6f ./system/src/stm32f3-stdperiph/stm32f3xx_nucleo.o
 .comment       0x000000000000006e       0x6f ./system/src/newlib/_exit.o
 .comment       0x000000000000006e       0x6f ./system/src/newlib/_sbrk.o
 .comment       0x000000000000006e       0x6f ./system/src/newlib/_startup.o
 .comment       0x000000000000006e       0x6f ./system/src/newlib/_syscalls.o
 .comment       0x000000000000006e       0x6f ./system/src/newlib/assert.o
 .comment       0x000000000000006e       0x6f ./system/src/diag/Trace.o
 .comment       0x000000000000006e       0x6f ./system/src/diag/trace_impl.o
 .comment       0x000000000000006e       0x6f ./system/src/cortexm/_initialize_hardware.o
 .comment       0x000000000000006e       0x6f ./system/src/cortexm/exception_handlers.o
 .comment       0x000000000000006e       0x6f ./system/src/cmsis/system_stm32f30x.o
 .comment       0x000000000000006e       0x6f ./system/src/cmsis/vectors_stm32f30x.o
 .comment       0x000000000000006e       0x6f ./src/Timer.o
 .comment       0x000000000000006e       0x6f ./src/main.o

.ARM.attributes
                0x0000000000000000       0x31
 .ARM.attributes
                0x0000000000000000       0x33 ./system/src/stm32f3-stdperiph/stm32f30x_gpio.o
 .ARM.attributes
                0x0000000000000033       0x33 ./system/src/stm32f3-stdperiph/stm32f30x_rcc.o
 .ARM.attributes
                0x0000000000000066       0x33 ./system/src/stm32f3-stdperiph/stm32f3xx_nucleo.o
 .ARM.attributes
                0x0000000000000099       0x33 ./system/src/newlib/_exit.o
 .ARM.attributes
                0x00000000000000cc       0x33 ./system/src/newlib/_sbrk.o
 .ARM.attributes
                0x00000000000000ff       0x33 ./system/src/newlib/_startup.o
 .ARM.attributes
                0x0000000000000132       0x33 ./system/src/newlib/_syscalls.o
 .ARM.attributes
                0x0000000000000165       0x33 ./system/src/newlib/assert.o
 .ARM.attributes
                0x0000000000000198       0x33 ./system/src/diag/Trace.o
 .ARM.attributes
                0x00000000000001cb       0x33 ./system/src/diag/trace_impl.o
 .ARM.attributes
                0x00000000000001fe       0x33 ./system/src/cortexm/_initialize_hardware.o
 .ARM.attributes
                0x0000000000000231       0x33 ./system/src/cortexm/exception_handlers.o
 .ARM.attributes
                0x0000000000000264       0x33 ./system/src/cmsis/system_stm32f30x.o
 .ARM.attributes
                0x0000000000000297       0x33 ./system/src/cmsis/vectors_stm32f30x.o
 .ARM.attributes
                0x00000000000002ca       0x33 ./src/Timer.o
 .ARM.attributes
                0x00000000000002fd       0x33 ./src/main.o
 .ARM.attributes
                0x0000000000000330       0x2e /usr/local/gcc-arm-none-eabi-5_3-2016q1/bin/../lib/gcc/arm-none-eabi/5.3.1/../../../../arm-none-eabi/lib/armv7e-m/libg_nano.a(lib_a-errno.o)
 .ARM.attributes
                0x000000000000035e       0x2e /usr/local/gcc-arm-none-eabi-5_3-2016q1/bin/../lib/gcc/arm-none-eabi/5.3.1/../../../../arm-none-eabi/lib/armv7e-m/libg_nano.a(lib_a-impure.o)
 .ARM.attributes
                0x000000000000038c       0x17 /usr/local/gcc-arm-none-eabi-5_3-2016q1/bin/../lib/gcc/arm-none-eabi/5.3.1/../../../../arm-none-eabi/lib/armv7e-m/libg_nano.a(lib_a-strlen.o)
 .ARM.attributes
                0x00000000000003a3       0x2e /usr/local/gcc-arm-none-eabi-5_3-2016q1/bin/../lib/gcc/arm-none-eabi/5.3.1/../../../../arm-none-eabi/lib/armv7e-m/libg_nano.a(lib_a-vsnprintf.o)
 .ARM.attributes
                0x00000000000003d1       0x2e /usr/local/gcc-arm-none-eabi-5_3-2016q1/bin/../lib/gcc/arm-none-eabi/5.3.1/../../../../arm-none-eabi/lib/armv7e-m/libg_nano.a(lib_a-nano-svfprintf.o)
 .ARM.attributes
                0x00000000000003ff       0x2e /usr/local/gcc-arm-none-eabi-5_3-2016q1/bin/../lib/gcc/arm-none-eabi/5.3.1/../../../../arm-none-eabi/lib/armv7e-m/libg_nano.a(lib_a-nano-vfprintf_i.o)
 .ARM.attributes
                0x000000000000042d       0x1c /usr/local/gcc-arm-none-eabi-5_3-2016q1/bin/../lib/gcc/arm-none-eabi/5.3.1/../../../../arm-none-eabi/lib/armv7e-m/libg_nano.a(lib_a-memchr.o)
 .ARM.attributes
                0x0000000000000449       0x2e /usr/local/gcc-arm-none-eabi-5_3-2016q1/bin/../lib/gcc/arm-none-eabi/5.3.1/../../../../arm-none-eabi/lib/armv7e-m/libg_nano.a(lib_a-memcpy-stub.o)
 .ARM.attributes
                0x0000000000000477       0x2e /usr/local/gcc-arm-none-eabi-5_3-2016q1/bin/../lib/gcc/arm-none-eabi/5.3.1/../../../../arm-none-eabi/lib/armv7e-m/libg_nano.a(lib_a-memmove.o)
 .ARM.attributes
                0x00000000000004a5       0x2e /usr/local/gcc-arm-none-eabi-5_3-2016q1/bin/../lib/gcc/arm-none-eabi/5.3.1/../../../../arm-none-eabi/lib/armv7e-m/libg_nano.a(lib_a-nano-freer.o)
 .ARM.attributes
                0x00000000000004d3       0x2e /usr/local/gcc-arm-none-eabi-5_3-2016q1/bin/../lib/gcc/arm-none-eabi/5.3.1/../../../../arm-none-eabi/lib/armv7e-m/libg_nano.a(lib_a-nano-mallocr.o)
 .ARM.attributes
                0x0000000000000501       0x2e /usr/local/gcc-arm-none-eabi-5_3-2016q1/bin/../lib/gcc/arm-none-eabi/5.3.1/../../../../arm-none-eabi/lib/armv7e-m/libg_nano.a(lib_a-nano-reallocr.o)
 .ARM.attributes
                0x000000000000052f       0x2e /usr/local/gcc-arm-none-eabi-5_3-2016q1/bin/../lib/gcc/arm-none-eabi/5.3.1/../../../../arm-none-eabi/lib/armv7e-m/libg_nano.a(lib_a-sbrkr.o)
 .ARM.attributes
                0x000000000000055d       0x2e /usr/local/gcc-arm-none-eabi-5_3-2016q1/bin/../lib/gcc/arm-none-eabi/5.3.1/../../../../arm-none-eabi/lib/armv7e-m/libg_nano.a(lib_a-nano-msizer.o)

.debug
 *(.debug)

.line
 *(.line)

.debug_srcinfo
 *(.debug_srcinfo)

.debug_sfnames
 *(.debug_sfnames)

.debug_aranges  0x0000000000000000      0x4f0
 *(.debug_aranges)
 .debug_aranges
                0x0000000000000000       0x80 ./system/src/stm32f3-stdperiph/stm32f30x_gpio.o
 .debug_aranges
                0x0000000000000080      0x150 ./system/src/stm32f3-stdperiph/stm32f30x_rcc.o
 .debug_aranges
                0x00000000000001d0       0x78 ./system/src/stm32f3-stdperiph/stm32f3xx_nucleo.o
 .debug_aranges
                0x0000000000000248       0x28 ./system/src/newlib/_exit.o
 .debug_aranges
                0x0000000000000270       0x20 ./system/src/newlib/_sbrk.o
 .debug_aranges
                0x0000000000000290       0x40 ./system/src/newlib/_startup.o
 .debug_aranges
                0x00000000000002d0       0x30 ./system/src/newlib/_syscalls.o
 .debug_aranges
                0x0000000000000300       0x28 ./system/src/newlib/assert.o
 .debug_aranges
                0x0000000000000328       0x38 ./system/src/diag/Trace.o
 .debug_aranges
                0x0000000000000360       0x30 ./system/src/diag/trace_impl.o
 .debug_aranges
                0x0000000000000390       0x28 ./system/src/cortexm/_initialize_hardware.o
 .debug_aranges
                0x00000000000003b8       0x90 ./system/src/cortexm/exception_handlers.o
 .debug_aranges
                0x0000000000000448       0x30 ./system/src/cmsis/system_stm32f30x.o
 .debug_aranges
                0x0000000000000478       0x20 ./system/src/cmsis/vectors_stm32f30x.o
 .debug_aranges
                0x0000000000000498       0x38 ./src/Timer.o
 .debug_aranges
                0x00000000000004d0       0x20 ./src/main.o

.debug_pubnames
 *(.debug_pubnames)

.debug_info     0x0000000000000000     0x55b2
 *(.debug_info .gnu.linkonce.wi.*)
 .debug_info    0x0000000000000000      0xa34 ./system/src/stm32f3-stdperiph/stm32f30x_gpio.o
 .debug_info    0x0000000000000a34      0xf79 ./system/src/stm32f3-stdperiph/stm32f30x_rcc.o
 .debug_info    0x00000000000019ad     0x13c5 ./system/src/stm32f3-stdperiph/stm32f3xx_nucleo.o
 .debug_info    0x0000000000002d72       0xef ./system/src/newlib/_exit.o
 .debug_info    0x0000000000002e61      0x11f ./system/src/newlib/_sbrk.o
 .debug_info    0x0000000000002f80      0x4ef ./system/src/newlib/_startup.o
 .debug_info    0x000000000000346f      0x1a9 ./system/src/newlib/_syscalls.o
 .debug_info    0x0000000000003618      0x1a3 ./system/src/newlib/assert.o
 .debug_info    0x00000000000037bb      0x2e6 ./system/src/diag/Trace.o
 .debug_info    0x0000000000003aa1      0x30a ./system/src/diag/trace_impl.o
 .debug_info    0x0000000000003dab       0xe7 ./system/src/cortexm/_initialize_hardware.o
 .debug_info    0x0000000000003e92      0x8ff ./system/src/cortexm/exception_handlers.o
 .debug_info    0x0000000000004791      0x4a9 ./system/src/cmsis/system_stm32f30x.o
 .debug_info    0x0000000000004c3a       0xd1 ./system/src/cmsis/vectors_stm32f30x.o
 .debug_info    0x0000000000004d0b      0x6c0 ./src/Timer.o
 .debug_info    0x00000000000053cb      0x1e7 ./src/main.o

.debug_abbrev   0x0000000000000000     0x1554
 *(.debug_abbrev)
 .debug_abbrev  0x0000000000000000      0x1e7 ./system/src/stm32f3-stdperiph/stm32f30x_gpio.o
 .debug_abbrev  0x00000000000001e7      0x221 ./system/src/stm32f3-stdperiph/stm32f30x_rcc.o
 .debug_abbrev  0x0000000000000408      0x24d ./system/src/stm32f3-stdperiph/stm32f3xx_nucleo.o
 .debug_abbrev  0x0000000000000655       0x8e ./system/src/newlib/_exit.o
 .debug_abbrev  0x00000000000006e3       0xb9 ./system/src/newlib/_sbrk.o
 .debug_abbrev  0x000000000000079c      0x1d4 ./system/src/newlib/_startup.o
 .debug_abbrev  0x0000000000000970       0xe5 ./system/src/newlib/_syscalls.o
 .debug_abbrev  0x0000000000000a55       0xab ./system/src/newlib/assert.o
 .debug_abbrev  0x0000000000000b00      0x145 ./system/src/diag/Trace.o
 .debug_abbrev  0x0000000000000c45      0x1c8 ./system/src/diag/trace_impl.o
 .debug_abbrev  0x0000000000000e0d       0x88 ./system/src/cortexm/_initialize_hardware.o
 .debug_abbrev  0x0000000000000e95      0x247 ./system/src/cortexm/exception_handlers.o
 .debug_abbrev  0x00000000000010dc      0x13f ./system/src/cmsis/system_stm32f30x.o
 .debug_abbrev  0x000000000000121b       0x9d ./system/src/cmsis/vectors_stm32f30x.o
 .debug_abbrev  0x00000000000012b8      0x1c0 ./src/Timer.o
 .debug_abbrev  0x0000000000001478       0xdc ./src/main.o

.debug_line     0x0000000000000000     0x465c
 *(.debug_line)
 .debug_line    0x0000000000000000      0x723 ./system/src/stm32f3-stdperiph/stm32f30x_gpio.o
 .debug_line    0x0000000000000723      0xa39 ./system/src/stm32f3-stdperiph/stm32f30x_rcc.o
 .debug_line    0x000000000000115c      0x4b4 ./system/src/stm32f3-stdperiph/stm32f3xx_nucleo.o
 .debug_line    0x0000000000001610      0x2df ./system/src/newlib/_exit.o
 .debug_line    0x00000000000018ef      0x291 ./system/src/newlib/_sbrk.o
 .debug_line    0x0000000000001b80      0x359 ./system/src/newlib/_startup.o
 .debug_line    0x0000000000001ed9      0x383 ./system/src/newlib/_syscalls.o
 .debug_line    0x000000000000225c      0x31a ./system/src/newlib/assert.o
 .debug_line    0x0000000000002576      0x33e ./system/src/diag/Trace.o
 .debug_line    0x00000000000028b4      0x5c4 ./system/src/diag/trace_impl.o
 .debug_line    0x0000000000002e78      0x360 ./system/src/cortexm/_initialize_hardware.o
 .debug_line    0x00000000000031d8      0x661 ./system/src/cortexm/exception_handlers.o
 .debug_line    0x0000000000003839      0x3a1 ./system/src/cmsis/system_stm32f30x.o
 .debug_line    0x0000000000003bda       0xf2 ./system/src/cmsis/vectors_stm32f30x.o
 .debug_line    0x0000000000003ccc      0x3b4 ./src/Timer.o
 .debug_line    0x0000000000004080      0x5dc ./src/main.o

.debug_frame    0x0000000000000000      0xdec
 *(.debug_frame)
 .debug_frame   0x0000000000000000      0x164 ./system/src/stm32f3-stdperiph/stm32f30x_gpio.o
 .debug_frame   0x0000000000000164      0x3cc ./system/src/stm32f3-stdperiph/stm32f30x_rcc.o
 .debug_frame   0x0000000000000530      0x14c ./system/src/stm32f3-stdperiph/stm32f3xx_nucleo.o
 .debug_frame   0x000000000000067c       0x38 ./system/src/newlib/_exit.o
 .debug_frame   0x00000000000006b4       0x28 ./system/src/newlib/_sbrk.o
 .debug_frame   0x00000000000006dc       0x7c ./system/src/newlib/_startup.o
 .debug_frame   0x0000000000000758       0x50 ./system/src/newlib/_syscalls.o
 .debug_frame   0x00000000000007a8       0x40 ./system/src/newlib/assert.o
 .debug_frame   0x00000000000007e8       0x94 ./system/src/diag/Trace.o
 .debug_frame   0x000000000000087c       0x60 ./system/src/diag/trace_impl.o
 .debug_frame   0x00000000000008dc       0x40 ./system/src/cortexm/_initialize_hardware.o
 .debug_frame   0x000000000000091c      0x158 ./system/src/cortexm/exception_handlers.o
 .debug_frame   0x0000000000000a74       0x50 ./system/src/cmsis/system_stm32f30x.o
 .debug_frame   0x0000000000000ac4       0x20 ./system/src/cmsis/vectors_stm32f30x.o
 .debug_frame   0x0000000000000ae4       0x58 ./src/Timer.o
 .debug_frame   0x0000000000000b3c       0x28 ./src/main.o
 .debug_frame   0x0000000000000b64       0x20 /usr/local/gcc-arm-none-eabi-5_3-2016q1/bin/../lib/gcc/arm-none-eabi/5.3.1/../../../../arm-none-eabi/lib/armv7e-m/libg_nano.a(lib_a-errno.o)
 .debug_frame   0x0000000000000b84       0x48 /usr/local/gcc-arm-none-eabi-5_3-2016q1/bin/../lib/gcc/arm-none-eabi/5.3.1/../../../../arm-none-eabi/lib/armv7e-m/libg_nano.a(lib_a-vsnprintf.o)
 .debug_frame   0x0000000000000bcc       0x90 /usr/local/gcc-arm-none-eabi-5_3-2016q1/bin/../lib/gcc/arm-none-eabi/5.3.1/../../../../arm-none-eabi/lib/armv7e-m/libg_nano.a(lib_a-nano-svfprintf.o)
 .debug_frame   0x0000000000000c5c       0x60 /usr/local/gcc-arm-none-eabi-5_3-2016q1/bin/../lib/gcc/arm-none-eabi/5.3.1/../../../../arm-none-eabi/lib/armv7e-m/libg_nano.a(lib_a-nano-vfprintf_i.o)
 .debug_frame   0x0000000000000cbc       0x28 /usr/local/gcc-arm-none-eabi-5_3-2016q1/bin/../lib/gcc/arm-none-eabi/5.3.1/../../../../arm-none-eabi/lib/armv7e-m/libg_nano.a(lib_a-memcpy-stub.o)
 .debug_frame   0x0000000000000ce4       0x28 /usr/local/gcc-arm-none-eabi-5_3-2016q1/bin/../lib/gcc/arm-none-eabi/5.3.1/../../../../arm-none-eabi/lib/armv7e-m/libg_nano.a(lib_a-memmove.o)
 .debug_frame   0x0000000000000d0c       0x2c /usr/local/gcc-arm-none-eabi-5_3-2016q1/bin/../lib/gcc/arm-none-eabi/5.3.1/../../../../arm-none-eabi/lib/armv7e-m/libg_nano.a(lib_a-nano-freer.o)
 .debug_frame   0x0000000000000d38       0x2c /usr/local/gcc-arm-none-eabi-5_3-2016q1/bin/../lib/gcc/arm-none-eabi/5.3.1/../../../../arm-none-eabi/lib/armv7e-m/libg_nano.a(lib_a-nano-mallocr.o)
 .debug_frame   0x0000000000000d64       0x3c /usr/local/gcc-arm-none-eabi-5_3-2016q1/bin/../lib/gcc/arm-none-eabi/5.3.1/../../../../arm-none-eabi/lib/armv7e-m/libg_nano.a(lib_a-nano-reallocr.o)
 .debug_frame   0x0000000000000da0       0x2c /usr/local/gcc-arm-none-eabi-5_3-2016q1/bin/../lib/gcc/arm-none-eabi/5.3.1/../../../../arm-none-eabi/lib/armv7e-m/libg_nano.a(lib_a-sbrkr.o)
 .debug_frame   0x0000000000000dcc       0x20 /usr/local/gcc-arm-none-eabi-5_3-2016q1/bin/../lib/gcc/arm-none-eabi/5.3.1/../../../../arm-none-eabi/lib/armv7e-m/libg_nano.a(lib_a-nano-msizer.o)

.debug_str      0x0000000000000000    0x5bdfa
 *(.debug_str)
 .debug_str     0x0000000000000000    0x5353b ./system/src/stm32f3-stdperiph/stm32f30x_gpio.o
                                      0x53701 (size before relaxing)
 .debug_str     0x000000000005353b      0xa6d ./system/src/stm32f3-stdperiph/stm32f30x_rcc.o
                                      0x53e9f (size before relaxing)
 .debug_str     0x0000000000053fa8     0x11d0 ./system/src/stm32f3-stdperiph/stm32f3xx_nucleo.o
                                      0x547ec (size before relaxing)
 .debug_str     0x0000000000055178     0x4485 ./system/src/newlib/_exit.o
                                       0x6b1e (size before relaxing)
 .debug_str     0x00000000000595fd      0x4de ./system/src/newlib/_sbrk.o
                                       0x5f09 (size before relaxing)
 .debug_str     0x0000000000059adb      0x2d7 ./system/src/newlib/_startup.o
                                       0x5b0a (size before relaxing)
 .debug_str     0x0000000000059db2      0xdf9 ./system/src/newlib/_syscalls.o
                                       0x6d44 (size before relaxing)
 .debug_str     0x000000000005abab       0xdf ./system/src/newlib/assert.o
                                       0x7627 (size before relaxing)
 .debug_str     0x000000000005ac8a      0x876 ./system/src/diag/Trace.o
                                       0x72f1 (size before relaxing)
 .debug_str     0x000000000005b500      0x381 ./system/src/diag/trace_impl.o
                                      0x56f2d (size before relaxing)
 .debug_str     0x000000000005b881       0x4e ./system/src/cortexm/_initialize_hardware.o
                                      0x5342e (size before relaxing)
 .debug_str     0x000000000005b8cf      0x1fc ./system/src/cortexm/exception_handlers.o
                                      0x57d08 (size before relaxing)
 .debug_str     0x000000000005bacb       0x7b ./system/src/cmsis/system_stm32f30x.o
                                      0x5354e (size before relaxing)
 .debug_str     0x000000000005bb46       0x57 ./system/src/cmsis/vectors_stm32f30x.o
                                       0x3083 (size before relaxing)
 .debug_str     0x000000000005bb9d       0xf8 ./src/Timer.o
                                      0x539d5 (size before relaxing)
 .debug_str     0x000000000005bc95      0x165 ./src/main.o
                                      0x587b4 (size before relaxing)

.debug_loc      0x0000000000000000     0x1e95
 *(.debug_loc)
 .debug_loc     0x0000000000000000      0x4d7 ./system/src/stm32f3-stdperiph/stm32f30x_gpio.o
 .debug_loc     0x00000000000004d7      0xc50 ./system/src/stm32f3-stdperiph/stm32f30x_rcc.o
 .debug_loc     0x0000000000001127      0x12c ./system/src/stm32f3-stdperiph/stm32f3xx_nucleo.o
 .debug_loc     0x0000000000001253       0x82 ./system/src/newlib/_sbrk.o
 .debug_loc     0x00000000000012d5      0x36e ./system/src/newlib/_startup.o
 .debug_loc     0x0000000000001643       0x63 ./system/src/newlib/_syscalls.o
 .debug_loc     0x00000000000016a6      0x110 ./system/src/newlib/assert.o
 .debug_loc     0x00000000000017b6      0x102 ./system/src/diag/Trace.o
 .debug_loc     0x00000000000018b8      0x17c ./system/src/diag/trace_impl.o
 .debug_loc     0x0000000000001a34      0x2a8 ./system/src/cortexm/exception_handlers.o
 .debug_loc     0x0000000000001cdc       0xff ./system/src/cmsis/system_stm32f30x.o
 .debug_loc     0x0000000000001ddb       0x59 ./src/Timer.o
 .debug_loc     0x0000000000001e34       0x61 ./src/main.o

.debug_macinfo
 *(.debug_macinfo)

.debug_weaknames
 *(.debug_weaknames)

.debug_funcnames
 *(.debug_funcnames)

.debug_typenames
 *(.debug_typenames)

.debug_varnames
 *(.debug_varnames)
OUTPUT(stm32.elf elf32-littlearm)

.debug_ranges   0x0000000000000000      0x420
 .debug_ranges  0x0000000000000000       0x70 ./system/src/stm32f3-stdperiph/stm32f30x_gpio.o
 .debug_ranges  0x0000000000000070      0x140 ./system/src/stm32f3-stdperiph/stm32f30x_rcc.o
 .debug_ranges  0x00000000000001b0       0x68 ./system/src/stm32f3-stdperiph/stm32f3xx_nucleo.o
 .debug_ranges  0x0000000000000218       0x18 ./system/src/newlib/_exit.o
 .debug_ranges  0x0000000000000230       0x10 ./system/src/newlib/_sbrk.o
 .debug_ranges  0x0000000000000240       0x30 ./system/src/newlib/_startup.o
 .debug_ranges  0x0000000000000270       0x20 ./system/src/newlib/_syscalls.o
 .debug_ranges  0x0000000000000290       0x18 ./system/src/newlib/assert.o
 .debug_ranges  0x00000000000002a8       0x28 ./system/src/diag/Trace.o
 .debug_ranges  0x00000000000002d0       0x38 ./system/src/diag/trace_impl.o
 .debug_ranges  0x0000000000000308       0x18 ./system/src/cortexm/_initialize_hardware.o
 .debug_ranges  0x0000000000000320       0x98 ./system/src/cortexm/exception_handlers.o
 .debug_ranges  0x00000000000003b8       0x20 ./system/src/cmsis/system_stm32f30x.o
 .debug_ranges  0x00000000000003d8       0x10 ./system/src/cmsis/vectors_stm32f30x.o
 .debug_ranges  0x00000000000003e8       0x28 ./src/Timer.o
 .debug_ranges  0x0000000000000410       0x10 ./src/main.o

.debug_macro    0x0000000000000000    0x10b9a
 .debug_macro   0x0000000000000000      0x15c ./system/src/stm32f3-stdperiph/stm32f30x_gpio.o
 .debug_macro   0x000000000000015c      0x898 ./system/src/stm32f3-stdperiph/stm32f30x_gpio.o
 .debug_macro   0x00000000000009f4       0x6e ./system/src/stm32f3-stdperiph/stm32f30x_gpio.o
 .debug_macro   0x0000000000000a62       0x3b ./system/src/stm32f3-stdperiph/stm32f30x_gpio.o
 .debug_macro   0x0000000000000a9d      0x34e ./system/src/stm32f3-stdperiph/stm32f30x_gpio.o
 .debug_macro   0x0000000000000deb       0x2d ./system/src/stm32f3-stdperiph/stm32f30x_gpio.o
 .debug_macro   0x0000000000000e18       0x26 ./system/src/stm32f3-stdperiph/stm32f30x_gpio.o
 .debug_macro   0x0000000000000e3e      0xd39 ./system/src/stm32f3-stdperiph/stm32f30x_gpio.o
 .debug_macro   0x0000000000001b77     0x769b ./system/src/stm32f3-stdperiph/stm32f30x_gpio.o
 .debug_macro   0x0000000000009212      0x5a6 ./system/src/stm32f3-stdperiph/stm32f30x_gpio.o
 .debug_macro   0x00000000000097b8      0x3cf ./system/src/stm32f3-stdperiph/stm32f30x_gpio.o
 .debug_macro   0x0000000000009b87       0x46 ./system/src/stm32f3-stdperiph/stm32f30x_gpio.o
 .debug_macro   0x0000000000009bcd      0x231 ./system/src/stm32f3-stdperiph/stm32f30x_gpio.o
 .debug_macro   0x0000000000009dfe      0x196 ./system/src/stm32f3-stdperiph/stm32f30x_gpio.o
 .debug_macro   0x0000000000009f94       0x8e ./system/src/stm32f3-stdperiph/stm32f30x_gpio.o
 .debug_macro   0x000000000000a022      0x3a9 ./system/src/stm32f3-stdperiph/stm32f30x_gpio.o
 .debug_macro   0x000000000000a3cb      0x116 ./system/src/stm32f3-stdperiph/stm32f30x_gpio.o
 .debug_macro   0x000000000000a4e1      0x1e4 ./system/src/stm32f3-stdperiph/stm32f30x_gpio.o
 .debug_macro   0x000000000000a6c5      0x1df ./system/src/stm32f3-stdperiph/stm32f30x_gpio.o
 .debug_macro   0x000000000000a8a4      0x29a ./system/src/stm32f3-stdperiph/stm32f30x_gpio.o
 .debug_macro   0x000000000000ab3e       0x70 ./system/src/stm32f3-stdperiph/stm32f30x_gpio.o
 .debug_macro   0x000000000000abae      0x10c ./system/src/stm32f3-stdperiph/stm32f30x_gpio.o
 .debug_macro   0x000000000000acba       0xb8 ./system/src/stm32f3-stdperiph/stm32f30x_gpio.o
 .debug_macro   0x000000000000ad72      0x5c6 ./system/src/stm32f3-stdperiph/stm32f30x_gpio.o
 .debug_macro   0x000000000000b338      0x551 ./system/src/stm32f3-stdperiph/stm32f30x_gpio.o
 .debug_macro   0x000000000000b889      0x3ac ./system/src/stm32f3-stdperiph/stm32f30x_gpio.o
 .debug_macro   0x000000000000bc35      0x8d8 ./system/src/stm32f3-stdperiph/stm32f30x_gpio.o
 .debug_macro   0x000000000000c50d      0x364 ./system/src/stm32f3-stdperiph/stm32f30x_gpio.o
 .debug_macro   0x000000000000c871       0x34 ./system/src/stm32f3-stdperiph/stm32f30x_gpio.o
 .debug_macro   0x000000000000c8a5       0x89 ./system/src/stm32f3-stdperiph/stm32f30x_gpio.o
 .debug_macro   0x000000000000c92e       0x35 ./system/src/stm32f3-stdperiph/stm32f30x_gpio.o
 .debug_macro   0x000000000000c963      0x1b0 ./system/src/stm32f3-stdperiph/stm32f30x_gpio.o
 .debug_macro   0x000000000000cb13      0x1f9 ./system/src/stm32f3-stdperiph/stm32f30x_rcc.o
 .debug_macro   0x000000000000cd0c      0x1b6 ./system/src/stm32f3-stdperiph/stm32f30x_rcc.o
 .debug_macro   0x000000000000cec2      0x5c0 ./system/src/stm32f3-stdperiph/stm32f30x_rcc.o
 .debug_macro   0x000000000000d482      0x161 ./system/src/stm32f3-stdperiph/stm32f3xx_nucleo.o
 .debug_macro   0x000000000000d5e3      0x151 ./system/src/stm32f3-stdperiph/stm32f3xx_nucleo.o
 .debug_macro   0x000000000000d734      0x182 ./system/src/newlib/_exit.o
 .debug_macro   0x000000000000d8b6       0x9c ./system/src/newlib/_exit.o
 .debug_macro   0x000000000000d952      0x10e ./system/src/newlib/_exit.o
 .debug_macro   0x000000000000da60       0x8d ./system/src/newlib/_exit.o
 .debug_macro   0x000000000000daed       0x43 ./system/src/newlib/_exit.o
 .debug_macro   0x000000000000db30      0x30d ./system/src/newlib/_exit.o
 .debug_macro   0x000000000000de3d       0x35 ./system/src/newlib/_exit.o
 .debug_macro   0x000000000000de72      0x137 ./system/src/newlib/_sbrk.o
 .debug_macro   0x000000000000dfa9      0x174 ./system/src/newlib/_sbrk.o
 .debug_macro   0x000000000000e11d       0x10 ./system/src/newlib/_sbrk.o
 .debug_macro   0x000000000000e12d      0x23b ./system/src/newlib/_sbrk.o
 .debug_macro   0x000000000000e368      0x141 ./system/src/newlib/_startup.o
 .debug_macro   0x000000000000e4a9      0x89e ./system/src/newlib/_startup.o
 .debug_macro   0x000000000000ed47      0x1d6 ./system/src/newlib/_syscalls.o
 .debug_macro   0x000000000000ef1d       0x1c ./system/src/newlib/_syscalls.o
 .debug_macro   0x000000000000ef39       0x10 ./system/src/newlib/_syscalls.o
 .debug_macro   0x000000000000ef49       0x10 ./system/src/newlib/_syscalls.o
 .debug_macro   0x000000000000ef59       0x10 ./system/src/newlib/_syscalls.o
 .debug_macro   0x000000000000ef69       0x35 ./system/src/newlib/_syscalls.o
 .debug_macro   0x000000000000ef9e      0x122 ./system/src/newlib/_syscalls.o
 .debug_macro   0x000000000000f0c0       0x88 ./system/src/newlib/_syscalls.o
 .debug_macro   0x000000000000f148       0x2b ./system/src/newlib/_syscalls.o
 .debug_macro   0x000000000000f173      0x118 ./system/src/newlib/_syscalls.o
 .debug_macro   0x000000000000f28b      0x159 ./system/src/newlib/_syscalls.o
 .debug_macro   0x000000000000f3e4       0x16 ./system/src/newlib/_syscalls.o
 .debug_macro   0x000000000000f3fa      0x19e ./system/src/newlib/assert.o
 .debug_macro   0x000000000000f598       0x1c ./system/src/newlib/assert.o
 .debug_macro   0x000000000000f5b4      0x1af ./system/src/diag/Trace.o
 .debug_macro   0x000000000000f763       0x16 ./system/src/diag/Trace.o
 .debug_macro   0x000000000000f779       0x97 ./system/src/diag/Trace.o
 .debug_macro   0x000000000000f810       0xfd ./system/src/diag/Trace.o
 .debug_macro   0x000000000000f90d       0x10 ./system/src/diag/Trace.o
 .debug_macro   0x000000000000f91d       0x16 ./system/src/diag/Trace.o
 .debug_macro   0x000000000000f933      0x182 ./system/src/diag/Trace.o
 .debug_macro   0x000000000000fab5       0x52 ./system/src/diag/Trace.o
 .debug_macro   0x000000000000fb07       0x16 ./system/src/diag/Trace.o
 .debug_macro   0x000000000000fb1d      0x299 ./system/src/diag/trace_impl.o
 .debug_macro   0x000000000000fdb6       0x10 ./system/src/diag/trace_impl.o
 .debug_macro   0x000000000000fdc6       0xcf ./system/src/diag/trace_impl.o
 .debug_macro   0x000000000000fe95       0x19 ./system/src/diag/trace_impl.o
 .debug_macro   0x000000000000feae       0xbe ./system/src/diag/trace_impl.o
 .debug_macro   0x000000000000ff6c       0x22 ./system/src/diag/trace_impl.o
 .debug_macro   0x000000000000ff8e      0x15c ./system/src/cortexm/_initialize_hardware.o
 .debug_macro   0x00000000000100ea      0x2d4 ./system/src/cortexm/exception_handlers.o
 .debug_macro   0x00000000000103be       0x10 ./system/src/cortexm/exception_handlers.o
 .debug_macro   0x00000000000103ce      0x158 ./system/src/cmsis/system_stm32f30x.o
 .debug_macro   0x0000000000010526       0x34 ./system/src/cmsis/vectors_stm32f30x.o
 .debug_macro   0x000000000001055a      0x175 ./src/Timer.o
 .debug_macro   0x00000000000106cf       0x10 ./src/Timer.o
 .debug_macro   0x00000000000106df      0x336 ./src/main.o
 .debug_macro   0x0000000000010a15       0x2e ./src/main.o
 .debug_macro   0x0000000000010a43      0x157 ./src/main.o
